LoRa.c:109:6:gpioInit	4	static
LoRa.c:128:6:digitalWrite	16	static
LoRa.c:142:5:LoRabegin	32	static
LoRa.c:193:6:end	8	static
LoRa.c:202:5:LoRabeginPacket	16	static
LoRa.c:223:5:LoRaendPacket	16	static
LoRa.c:239:5:parsePacket	24	static
LoRa.c:292:5:packetRssi	8	static
LoRa.c:297:7:packetSnr	16	static
LoRa.c:302:8:writebyte	16	static
LoRa.c:307:8:write	24	static
LoRa.c:329:5:available	8	static
LoRa.c:334:5:read	8	static
LoRa.c:345:5:peek	16	static
LoRa.c:363:6:flush	4	static
LoRa.c:400:6:idle	8	static
LoRa.c:405:6:sleep	8	static
LoRa.c:410:6:setTxPower	16	static
LoRa.c:424:6:setFrequency	40	static
LoRa.c:436:6:setSpreadingFactor	16	static
LoRa.c:461:6:setSignalBandwidth	24	static
LoRa.c:490:6:setCodingRate4	24	static
LoRa.c:503:6:setPreambleLength	16	static
LoRa.c:509:6:setSyncWord	16	static
LoRa.c:514:6:crc	8	static
LoRa.c:519:6:noCrc	8	static
LoRa.c:524:9:random	8	static
LoRa.c:546:6:explicitHeaderMode	8	static
LoRa.c:553:6:implicitHeaderMode	8	static
LoRa.c:593:9:readRegister	16	static
LoRa.c:598:6:writeRegister	16	static
LoRa.c:604:9:singleTransfer	24	static
