core_cm3.h:1323:22:NVIC_EnableIRQ	16	static
core_cm3.h:1375:22:NVIC_ClearPendingIRQ	16	static
timer_17xx_40xx.h:111:20:Chip_TIMER_MatchPending	16	static
timer_17xx_40xx.h:136:20:Chip_TIMER_ClearMatch	16	static
timer_17xx_40xx.h:159:20:Chip_TIMER_Enable	16	static
timer_17xx_40xx.h:217:20:Chip_TIMER_SetMatch	24	static
timer_17xx_40xx.h:248:20:Chip_TIMER_MatchEnableInt	16	static
timer_17xx_40xx.h:270:20:Chip_TIMER_ResetOnMatchEnable	16	static
timer.c:88:13:create_frame	16	static
timer.c:100:6:TIMER0_IRQHandler	8	static
timer.c:135:5:main	80	static
