cr_startup_lpc17.c:286:6:NMI_Handler	0	static
cr_startup_lpc17.c:293:6:HardFault_Handler	0	static
cr_startup_lpc17.c:300:6:MemManage_Handler	0	static
cr_startup_lpc17.c:307:6:BusFault_Handler	0	static
cr_startup_lpc17.c:314:6:UsageFault_Handler	0	static
cr_startup_lpc17.c:321:6:SVCall_Handler	0	static
cr_startup_lpc17.c:328:6:DebugMon_Handler	0	static
cr_startup_lpc17.c:335:6:PendSV_Handler	0	static
cr_startup_lpc17.c:342:6:SysTick_Handler	0	static
cr_startup_lpc17.c:356:6:IntDefaultHandler	0	static
cr_startup_lpc17.c:227:1:ResetISR	8	static
