Archive member included to satisfy reference by file (symbol)

C:\Users\Vatsal Makani\Desktop\FALL 2019\CMPE 245\Project\lpc_board_nxp_lpcxpresso_1769\Debug\liblpc_board_nxp_lpcxpresso_1769.a(board.o)
                              ./freertos/src/FreeRTOSCommonHooks.o (Board_UARTPutSTR)
C:\Users\Vatsal Makani\Desktop\FALL 2019\CMPE 245\Project\lpc_board_nxp_lpcxpresso_1769\Debug\liblpc_board_nxp_lpcxpresso_1769.a(board_sysinit.o)
                              ./example/src/sysinit.o (Board_SystemInit)
C:\Users\Vatsal Makani\Desktop\FALL 2019\CMPE 245\Project\lpc_chip_175x_6x\Debug\liblpc_chip_175x_6x.a(chip_17xx_40xx.o)
                              ./freertos/src/port.o (SystemCoreClock)
C:\Users\Vatsal Makani\Desktop\FALL 2019\CMPE 245\Project\lpc_chip_175x_6x\Debug\liblpc_chip_175x_6x.a(clock_17xx_40xx.o)
                              C:\Users\Vatsal Makani\Desktop\FALL 2019\CMPE 245\Project\lpc_chip_175x_6x\Debug\liblpc_chip_175x_6x.a(chip_17xx_40xx.o) (Chip_Clock_EnablePLL)
C:\Users\Vatsal Makani\Desktop\FALL 2019\CMPE 245\Project\lpc_chip_175x_6x\Debug\liblpc_chip_175x_6x.a(i2s_17xx_40xx.o)
                              C:\Users\Vatsal Makani\Desktop\FALL 2019\CMPE 245\Project\lpc_board_nxp_lpcxpresso_1769\Debug\liblpc_board_nxp_lpcxpresso_1769.a(board.o) (Chip_I2S_Init)
C:\Users\Vatsal Makani\Desktop\FALL 2019\CMPE 245\Project\lpc_chip_175x_6x\Debug\liblpc_chip_175x_6x.a(iocon_17xx_40xx.o)
                              C:\Users\Vatsal Makani\Desktop\FALL 2019\CMPE 245\Project\lpc_board_nxp_lpcxpresso_1769\Debug\liblpc_board_nxp_lpcxpresso_1769.a(board.o) (Chip_IOCON_PinMux)
C:\Users\Vatsal Makani\Desktop\FALL 2019\CMPE 245\Project\lpc_chip_175x_6x\Debug\liblpc_chip_175x_6x.a(sysinit_17xx_40xx.o)
                              C:\Users\Vatsal Makani\Desktop\FALL 2019\CMPE 245\Project\lpc_board_nxp_lpcxpresso_1769\Debug\liblpc_board_nxp_lpcxpresso_1769.a(board_sysinit.o) (Chip_SetupXtalClocking)
C:\Users\Vatsal Makani\Desktop\FALL 2019\CMPE 245\Project\lpc_chip_175x_6x\Debug\liblpc_chip_175x_6x.a(uart_17xx_40xx.o)
                              C:\Users\Vatsal Makani\Desktop\FALL 2019\CMPE 245\Project\lpc_board_nxp_lpcxpresso_1769\Debug\liblpc_board_nxp_lpcxpresso_1769.a(board.o) (Chip_UART_Init)
C:\Users\Vatsal Makani\Desktop\FALL 2019\CMPE 245\Project\lpc_chip_175x_6x\Debug\liblpc_chip_175x_6x.a(ring_buffer.o)
                              C:\Users\Vatsal Makani\Desktop\FALL 2019\CMPE 245\Project\lpc_chip_175x_6x\Debug\liblpc_chip_175x_6x.a(uart_17xx_40xx.o) (RingBuffer_Insert)
c:/nxp/mcuxpressoide_11.0.0_2516/ide/plugins/com.nxp.mcuxpresso.tools.win32_11.0.0.201905131304/tools/bin/../lib/gcc/arm-none-eabi/8.2.1/../../../../arm-none-eabi/lib/thumb/v7-m/nofp\libcr_nohost.a(_cr__main.o)
                              ./example/src/cr_startup_lpc175x_6x.o (__main)
c:/nxp/mcuxpressoide_11.0.0_2516/ide/plugins/com.nxp.mcuxpresso.tools.win32_11.0.0.201905131304/tools/bin/../lib/gcc/arm-none-eabi/8.2.1/../../../../arm-none-eabi/lib/thumb/v7-m/nofp\libcr_c.a(memcpy.o)
                              ./freertos/src/queue.o (memcpy)
c:/nxp/mcuxpressoide_11.0.0_2516/ide/plugins/com.nxp.mcuxpresso.tools.win32_11.0.0.201905131304/tools/bin/../lib/gcc/arm-none-eabi/8.2.1/../../../../arm-none-eabi/lib/thumb/v7-m/nofp\libcr_c.a(memset.o)
                              ./freertos/src/tasks.o (memset)
c:/nxp/mcuxpressoide_11.0.0_2516/ide/plugins/com.nxp.mcuxpresso.tools.win32_11.0.0.201905131304/tools/bin/../lib/gcc/arm-none-eabi/8.2.1/../../../../arm-none-eabi/lib/thumb/v7-m/nofp\libcr_c.a(alloc.o)
                              ./freertos/src/heap_3.o (malloc)
c:/nxp/mcuxpressoide_11.0.0_2516/ide/plugins/com.nxp.mcuxpresso.tools.win32_11.0.0.201905131304/tools/bin/../lib/gcc/arm-none-eabi/8.2.1/../../../../arm-none-eabi/lib/thumb/v7-m/nofp\libcr_c.a(fpprintf.o)
                              ./freertos/src/FreeRTOSCommonHooks.o (printf)
c:/nxp/mcuxpressoide_11.0.0_2516/ide/plugins/com.nxp.mcuxpresso.tools.win32_11.0.0.201905131304/tools/bin/../lib/gcc/arm-none-eabi/8.2.1/../../../../arm-none-eabi/lib/thumb/v7-m/nofp\libcr_c.a(initio.o)
                              c:/nxp/mcuxpressoide_11.0.0_2516/ide/plugins/com.nxp.mcuxpresso.tools.win32_11.0.0.201905131304/tools/bin/../lib/gcc/arm-none-eabi/8.2.1/../../../../arm-none-eabi/lib/thumb/v7-m/nofp\libcr_nohost.a(_cr__main.o) (_initio)
c:/nxp/mcuxpressoide_11.0.0_2516/ide/plugins/com.nxp.mcuxpresso.tools.win32_11.0.0.201905131304/tools/bin/../lib/gcc/arm-none-eabi/8.2.1/../../../../arm-none-eabi/lib/thumb/v7-m/nofp\libcr_c.a(printf.o)
                              c:/nxp/mcuxpressoide_11.0.0_2516/ide/plugins/com.nxp.mcuxpresso.tools.win32_11.0.0.201905131304/tools/bin/../lib/gcc/arm-none-eabi/8.2.1/../../../../arm-none-eabi/lib/thumb/v7-m/nofp\libcr_c.a(fpprintf.o) (__vfprintf)
[...]
Memory Configuration

Name             Origin             Length             Attributes
MFlash512        0x00000000         0x00080000         xr
RamLoc32         0x10000000         0x00008000         xrw
RamAHB32         0x2007c000         0x00008000         xrw
*default*        0x00000000         0xffffffff

Linker script and memory map

LOAD ./freertos/src/FreeRTOSCommonHooks.o
LOAD ./freertos/src/heap_3.o
LOAD ./freertos/src/list.o
LOAD ./freertos/src/port.o
LOAD ./freertos/src/queue.o
LOAD ./freertos/src/tasks.o
LOAD ./example/src/cr_startup_lpc175x_6x.o
LOAD ./example/src/freertos_blinky.o
LOAD ./example/src/sysinit.o
LOAD C:\Users\Vatsal Makani\Desktop\FALL 2019\CMPE 245\Project\lpc_board_nxp_lpcxpresso_1769\Debug\liblpc_board_nxp_lpcxpresso_1769.a
LOAD C:\Users\Vatsal Makani\Desktop\FALL 2019\CMPE 245\Project\lpc_chip_175x_6x\Debug\liblpc_chip_175x_6x.a
START GROUP
LOAD c:/nxp/mcuxpressoide_11.0.0_2516/ide/plugins/com.nxp.mcuxpresso.tools.win32_11.0.0.201905131304/tools/bin/../lib/gcc/arm-none-eabi/8.2.1/../../../../arm-none-eabi/lib/thumb/v7-m/nofp\libcr_nohost.a
LOAD c:/nxp/mcuxpressoide_11.0.0_2516/ide/plugins/com.nxp.mcuxpresso.tools.win32_11.0.0.201905131304/tools/bin/../lib/gcc/arm-none-eabi/8.2.1/../../../../arm-none-eabi/lib/thumb/v7-m/nofp\libcr_c.a
LOAD c:/nxp/mcuxpressoide_11.0.0_2516/ide/plugins/com.nxp.mcuxpresso.tools.win32_11.0.0.201905131304/tools/bin/../lib/gcc/arm-none-eabi/8.2.1/thumb/v7-m/nofp\libcr_eabihelpers.a
LOAD c:/nxp/mcuxpressoide_11.0.0_2516/ide/plugins/com.nxp.mcuxpresso.tools.win32_11.0.0.201905131304/tools/bin/../lib/gcc/arm-none-eabi/8.2.1/thumb/v7-m/nofp\libgcc.a
END GROUP
                0x00000000                __base_MFlash512 = 0x0
                0x00000000                __base_Flash = 0x0
                0x00080000                __top_MFlash512 = 0x80000
                0x00080000                __top_Flash = 0x80000
                0x10000000                __base_RamLoc32 = 0x10000000
                0x10000000                __base_RAM = 0x10000000
                0x10008000                __top_RamLoc32 = 0x10008000
                0x10008000                __top_RAM = 0x10008000
                0x2007c000                __base_RamAHB32 = 0x2007c000
                0x2007c000                __base_RAM2 = 0x2007c000
                0x20084000                __top_RamAHB32 = 0x20084000
                0x20084000                __top_RAM2 = 0x20084000

.text           0x00000000     0x4080
 FILL mask 0xff
                0x00000000                __vectors_start__ = ABSOLUTE (.)
 *(.isr_vector)
 .isr_vector    0x00000000       0xcc ./example/src/cr_startup_lpc175x_6x.o
                0x00000000                g_pfnVectors
                0x000000cc                . = ALIGN (0x4)
                0x000000cc                __section_table_start = .
                0x000000cc                __data_section_table = .
                0x000000cc        0x4 LONG 0x4080 LOADADDR (.data)
                0x000000d0        0x4 LONG 0x10000000 ADDR (.data)
                0x000000d4        0x4 LONG 0x8 SIZEOF (.data)
                0x000000d8        0x4 LONG 0x4080 LOADADDR (.data_RAM2)
                0x000000dc        0x4 LONG 0x2007c000 ADDR (.data_RAM2)
                0x000000e0        0x4 LONG 0x0 SIZEOF (.data_RAM2)
                0x000000e4                __data_section_table_end = .
                0x000000e4                __bss_section_table = .
                0x000000e4        0x4 LONG 0x10000008 ADDR (.bss)
                0x000000e8        0x4 LONG 0x334 SIZEOF (.bss)
                0x000000ec        0x4 LONG 0x2007c000 ADDR (.bss_RAM2)
                0x000000f0        0x4 LONG 0x0 SIZEOF (.bss_RAM2)
                0x000000f4                __bss_section_table_end = .
                0x000000f4                __section_table_end = .
 *(.after_vectors*)
 .after_vectors
                0x000000f4      0x12c ./example/src/cr_startup_lpc175x_6x.o
                0x000000f4                data_init
                0x00000136                bss_init
                0x0000016c                ResetISR
                0x000001e4                NMI_Handler
                0x000001ea                HardFault_Handler
                0x000001f0                MemManage_Handler
                0x000001f6                BusFault_Handler
                0x000001fc                UsageFault_Handler
                0x00000208                DebugMon_Handler
                0x0000021a                UART1_IRQHandler
                0x0000021a                EINT3_IRQHandler
                0x0000021a                I2C1_IRQHandler
                0x0000021a                TIMER3_IRQHandler
                0x0000021a                UART0_IRQHandler
                0x0000021a                USBActivity_IRQHandler
                0x0000021a                CANActivity_IRQHandler
                0x0000021a                EINT2_IRQHandler
                0x0000021a                IntDefaultHandler
                0x0000021a                PLL0_IRQHandler
                0x0000021a                CAN_IRQHandler
                0x0000021a                I2C0_IRQHandler
                0x0000021a                SSP0_IRQHandler
                0x0000021a                I2S_IRQHandler
                0x0000021a                I2C2_IRQHandler
                0x0000021a                RTC_IRQHandler
                0x0000021a                TIMER0_IRQHandler
                0x0000021a                SPI_IRQHandler
                0x0000021a                RIT_IRQHandler
                0x0000021a                EINT1_IRQHandler
                0x0000021a                TIMER1_IRQHandler
                0x0000021a                UART2_IRQHandler
                0x0000021a                ADC_IRQHandler
                0x0000021a                SSP1_IRQHandler
                0x0000021a                USB_IRQHandler
                0x0000021a                BOD_IRQHandler
                0x0000021a                PWM1_IRQHandler
                0x0000021a                WDT_IRQHandler
                0x0000021a                QEI_IRQHandler
                0x0000021a                EINT0_IRQHandler
                0x0000021a                ETH_IRQHandler
                0x0000021a                PLL1_IRQHandler
                0x0000021a                DMA_IRQHandler
                0x0000021a                TIMER2_IRQHandler
                0x0000021a                UART3_IRQHandler
                0x0000021a                MCPWM_IRQHandler
 *(.text*)
 .text.vApplicationIdleHook
                0x00000220        0xe ./freertos/src/FreeRTOSCommonHooks.o
                0x00000220                vApplicationIdleHook
 .text.pvPortMalloc
                0x0000022e       0x22 ./freertos/src/heap_3.o
                0x0000022e                pvPortMalloc
 .text.vPortFree
                0x00000250       0x24 ./freertos/src/heap_3.o
                0x00000250                vPortFree
 .text.vListInitialise
                0x00000274       0x3e ./freertos/src/list.o
                0x00000274                vListInitialise
 .text.vListInitialiseItem
                0x000002b2       0x18 ./freertos/src/list.o
                0x000002b2                vListInitialiseItem
 .text.vListInsertEnd
                0x000002ca       0x46 ./freertos/src/list.o
                0x000002ca                vListInsertEnd
 .text.vListInsert
                0x00000310       0x70 ./freertos/src/list.o
                0x00000310                vListInsert
 .text.uxListRemove
                0x00000380       0x52 ./freertos/src/list.o
                0x00000380                uxListRemove
 *fill*         0x000003d2        0x2 ff
 .text.pxPortInitialiseStack
                0x000003d4       0x54 ./freertos/src/port.o
                0x000003d4                pxPortInitialiseStack
 .text.prvTaskExitError
                0x00000428        0xa ./freertos/src/port.o
 *fill*         0x00000432        0x2 ff
 .text.SVC_Handler
                0x00000434       0x24 ./freertos/src/port.o
                0x00000434                SVC_Handler
 .text.prvPortStartFirstTask
                0x00000458       0x18 ./freertos/src/port.o
 .text.xPortStartScheduler
                0x00000470       0x38 ./freertos/src/port.o
                0x00000470                xPortStartScheduler
 .text.vPortYield
                0x000004a8       0x20 ./freertos/src/port.o
                0x000004a8                vPortYield
 .text.vPortEnterCritical
                0x000004c8       0x24 ./freertos/src/port.o
                0x000004c8                vPortEnterCritical
 .text.vPortExitCritical
                0x000004ec       0x24 ./freertos/src/port.o
                0x000004ec                vPortExitCritical
 .text.ulPortSetInterruptMask
                0x00000510       0x12 ./freertos/src/port.o
                0x00000510                ulPortSetInterruptMask
 .text.vPortClearInterruptMask
                0x00000522        0x8 ./freertos/src/port.o
                0x00000522                vPortClearInterruptMask
 *fill*         0x0000052a        0x2 ff
 .text.PendSV_Handler
                0x0000052c       0x40 ./freertos/src/port.o
                0x0000052c                PendSV_Handler
 .text.SysTick_Handler
                0x0000056c       0x28 ./freertos/src/port.o
                0x0000056c                SysTick_Handler
 .text.vPortSuppressTicksAndSleep
                0x00000594      0x15c ./freertos/src/port.o
                0x00000594                vPortSuppressTicksAndSleep
 .text.vPortSetupTimerInterrupt
                0x000006f0       0x68 ./freertos/src/port.o
                0x000006f0                vPortSetupTimerInterrupt
 .text.xTaskGenericCreate
                0x00000758      0x140 ./freertos/src/tasks.o
                0x00000758                xTaskGenericCreate
 .text.vTaskDelay
                0x00000898       0x54 ./freertos/src/tasks.o
                0x00000898                vTaskDelay
 .text.vTaskStartScheduler
                0x000008ec       0x58 ./freertos/src/tasks.o
                0x000008ec                vTaskStartScheduler
 .text.vTaskSuspendAll
                0x00000944       0x1c ./freertos/src/tasks.o
                0x00000944                vTaskSuspendAll
 .text.prvGetExpectedIdleTime
                0x00000960       0x4c ./freertos/src/tasks.o
 .text.xTaskResumeAll
                0x000009ac       0xfc ./freertos/src/tasks.o
                0x000009ac                xTaskResumeAll
 .text.vTaskStepTick
                0x00000aa8       0x24 ./freertos/src/tasks.o
                0x00000aa8                vTaskStepTick
 .text.xTaskIncrementTick
                0x00000acc      0x18c ./freertos/src/tasks.o
                0x00000acc                xTaskIncrementTick
 .text.vTaskSwitchContext
                0x00000c58       0x98 ./freertos/src/tasks.o
                0x00000c58                vTaskSwitchContext
 .text.prvIdleTask
                0x00000cf0       0x48 ./freertos/src/tasks.o
 .text.eTaskConfirmSleepModeStatus
                0x00000d38       0x5c ./freertos/src/tasks.o
                0x00000d38                eTaskConfirmSleepModeStatus
 .text.prvInitialiseTCBVariables
                0x00000d94       0x98 ./freertos/src/tasks.o
 .text.prvInitialiseTaskLists
                0x00000e2c       0x80 ./freertos/src/tasks.o
 .text.prvCheckTasksWaitingTermination
                0x00000eac       0x78 ./freertos/src/tasks.o
 .text.prvAddCurrentTaskToDelayedList
                0x00000f24       0x6c ./freertos/src/tasks.o
 .text.prvAllocateTCBAndStack
                0x00000f90       0x62 ./freertos/src/tasks.o
 .text.prvDeleteTCB
                0x00000ff2       0x20 ./freertos/src/tasks.o
 .text.prvSetupHardware
                0x00001012       0x18 ./example/src/freertos_blinky.o
 .text.vLEDTask1
                0x0000102a       0x26 ./example/src/freertos_blinky.o
 .text.vLEDTask2
                0x00001050       0x26 ./example/src/freertos_blinky.o
 *fill*         0x00001076        0x2 ff
 .text.vUARTTask
                0x00001078       0x28 ./example/src/freertos_blinky.o
 .text.main     0x000010a0       0x84 ./example/src/freertos_blinky.o
                0x000010a0                main
 .text.SystemInit
                0x00001124       0x24 ./example/src/sysinit.o
                0x00001124                SystemInit
 .text.Chip_IOCON_Init
                0x00001148       0x16 C:\Users\Vatsal Makani\Desktop\FALL 2019\CMPE 245\Project\lpc_board_nxp_lpcxpresso_1769\Debug\liblpc_board_nxp_lpcxpresso_1769.a(board.o)
 .text.Chip_GPIO_Init
                0x0000115e       0x16 C:\Users\Vatsal Makani\Desktop\FALL 2019\CMPE 245\Project\lpc_board_nxp_lpcxpresso_1769\Debug\liblpc_board_nxp_lpcxpresso_1769.a(board.o)
 .text.Chip_GPIO_SetPinState
                0x00001174       0x64 C:\Users\Vatsal Makani\Desktop\FALL 2019\CMPE 245\Project\lpc_board_nxp_lpcxpresso_1769\Debug\liblpc_board_nxp_lpcxpresso_1769.a(board.o)
 .text.Chip_GPIO_WritePortBit
                0x000011d8       0x2c C:\Users\Vatsal Makani\Desktop\FALL 2019\CMPE 245\Project\lpc_board_nxp_lpcxpresso_1769\Debug\liblpc_board_nxp_lpcxpresso_1769.a(board.o)
 .text.Chip_GPIO_SetPinDIROutput
                0x00001204       0x36 C:\Users\Vatsal Makani\Desktop\FALL 2019\CMPE 245\Project\lpc_board_nxp_lpcxpresso_1769\Debug\liblpc_board_nxp_lpcxpresso_1769.a(board.o)
 .text.Chip_GPIO_SetPinDIRInput
                0x0000123a       0x3a C:\Users\Vatsal Makani\Desktop\FALL 2019\CMPE 245\Project\lpc_board_nxp_lpcxpresso_1769\Debug\liblpc_board_nxp_lpcxpresso_1769.a(board.o)
 .text.Chip_GPIO_SetPinDIR
                0x00001274       0x42 C:\Users\Vatsal Makani\Desktop\FALL 2019\CMPE 245\Project\lpc_board_nxp_lpcxpresso_1769\Debug\liblpc_board_nxp_lpcxpresso_1769.a(board.o)
 .text.Chip_GPIO_WriteDirBit
                0x000012b6       0x2e C:\Users\Vatsal Makani\Desktop\FALL 2019\CMPE 245\Project\lpc_board_nxp_lpcxpresso_1769\Debug\liblpc_board_nxp_lpcxpresso_1769.a(board.o)
 .text.Board_LED_Init
                0x000012e4       0x18 C:\Users\Vatsal Makani\Desktop\FALL 2019\CMPE 245\Project\lpc_board_nxp_lpcxpresso_1769\Debug\liblpc_board_nxp_lpcxpresso_1769.a(board.o)
 .text.Board_LED_Set
                0x000012fc       0x30 C:\Users\Vatsal Makani\Desktop\FALL 2019\CMPE 245\Project\lpc_board_nxp_lpcxpresso_1769\Debug\liblpc_board_nxp_lpcxpresso_1769.a(board.o)
                0x000012fc                Board_LED_Set
 .text.Board_Init
                0x0000132c       0x20 C:\Users\Vatsal Makani\Desktop\FALL 2019\CMPE 245\Project\lpc_board_nxp_lpcxpresso_1769\Debug\liblpc_board_nxp_lpcxpresso_1769.a(board.o)
                0x0000132c                Board_Init
 .text.Chip_SYSCTL_SetFLASHAccess
                0x0000134c       0x30 C:\Users\Vatsal Makani\Desktop\FALL 2019\CMPE 245\Project\lpc_board_nxp_lpcxpresso_1769\Debug\liblpc_board_nxp_lpcxpresso_1769.a(board_sysinit.o)
 .text.Board_SetupMuxing
                0x0000137c       0x1c C:\Users\Vatsal Makani\Desktop\FALL 2019\CMPE 245\Project\lpc_board_nxp_lpcxpresso_1769\Debug\liblpc_board_nxp_lpcxpresso_1769.a(board_sysinit.o)
                0x0000137c                Board_SetupMuxing
 .text.Board_SetupClocking
                0x00001398       0x12 C:\Users\Vatsal Makani\Desktop\FALL 2019\CMPE 245\Project\lpc_board_nxp_lpcxpresso_1769\Debug\liblpc_board_nxp_lpcxpresso_1769.a(board_sysinit.o)
                0x00001398                Board_SetupClocking
 .text.Board_SystemInit
                0x000013aa       0x10 C:\Users\Vatsal Makani\Desktop\FALL 2019\CMPE 245\Project\lpc_board_nxp_lpcxpresso_1769\Debug\liblpc_board_nxp_lpcxpresso_1769.a(board_sysinit.o)
                0x000013aa                Board_SystemInit
 *fill*         0x000013ba        0x2 ff
 .text.SystemCoreClockUpdate
                0x000013bc       0x18 C:\Users\Vatsal Makani\Desktop\FALL 2019\CMPE 245\Project\lpc_chip_175x_6x\Debug\liblpc_chip_175x_6x.a(chip_17xx_40xx.o)
                0x000013bc                SystemCoreClockUpdate
 .text.Chip_Clock_IsMainPLLEnabled
                0x000013d4       0x24 C:\Users\Vatsal Makani\Desktop\FALL 2019\CMPE 245\Project\lpc_chip_175x_6x\Debug\liblpc_chip_175x_6x.a(clock_17xx_40xx.o)
 .text.Chip_Clock_IsMainPLLConnected
                0x000013f8       0x24 C:\Users\Vatsal Makani\Desktop\FALL 2019\CMPE 245\Project\lpc_chip_175x_6x\Debug\liblpc_chip_175x_6x.a(clock_17xx_40xx.o)
 .text.Chip_Clock_FeedPLL
                0x0000141c       0x34 C:\Users\Vatsal Makani\Desktop\FALL 2019\CMPE 245\Project\lpc_chip_175x_6x\Debug\liblpc_chip_175x_6x.a(clock_17xx_40xx.o)
 .text.Chip_Clock_GetMainPLLSource
                0x00001450       0x20 C:\Users\Vatsal Makani\Desktop\FALL 2019\CMPE 245\Project\lpc_chip_175x_6x\Debug\liblpc_chip_175x_6x.a(clock_17xx_40xx.o)
 .text.Chip_Clock_GetMainOscRate
                0x00001470       0x14 C:\Users\Vatsal Makani\Desktop\FALL 2019\CMPE 245\Project\lpc_chip_175x_6x\Debug\liblpc_chip_175x_6x.a(clock_17xx_40xx.o)
 .text.Chip_Clock_GetIntOscRate
                0x00001484       0x14 C:\Users\Vatsal Makani\Desktop\FALL 2019\CMPE 245\Project\lpc_chip_175x_6x\Debug\liblpc_chip_175x_6x.a(clock_17xx_40xx.o)
 .text.Chip_Clock_GetRTCOscRate
                0x00001498       0x14 C:\Users\Vatsal Makani\Desktop\FALL 2019\CMPE 245\Project\lpc_chip_175x_6x\Debug\liblpc_chip_175x_6x.a(clock_17xx_40xx.o)
 .text.Chip_Clock_GetMainPLLInClockRate
                0x000014ac        0xe C:\Users\Vatsal Makani\Desktop\FALL 2019\CMPE 245\Project\lpc_chip_175x_6x\Debug\liblpc_chip_175x_6x.a(clock_17xx_40xx.o)
 *fill*         0x000014ba        0x2 ff
 .text.Chip_Clock_EnablePLL
                0x000014bc       0x44 C:\Users\Vatsal Makani\Desktop\FALL 2019\CMPE 245\Project\lpc_chip_175x_6x\Debug\liblpc_chip_175x_6x.a(clock_17xx_40xx.o)
                0x000014bc                Chip_Clock_EnablePLL
 .text.Chip_Clock_DisablePLL
                0x00001500       0x48 C:\Users\Vatsal Makani\Desktop\FALL 2019\CMPE 245\Project\lpc_chip_175x_6x\Debug\liblpc_chip_175x_6x.a(clock_17xx_40xx.o)
                0x00001500                Chip_Clock_DisablePLL
 .text.Chip_Clock_SetupPLL
                0x00001548       0x5c C:\Users\Vatsal Makani\Desktop\FALL 2019\CMPE 245\Project\lpc_chip_175x_6x\Debug\liblpc_chip_175x_6x.a(clock_17xx_40xx.o)
                0x00001548                Chip_Clock_SetupPLL
 .text.Chip_Clock_EnablePeriphClock
                0x000015a4       0x34 C:\Users\Vatsal Makani\Desktop\FALL 2019\CMPE 245\Project\lpc_chip_175x_6x\Debug\liblpc_chip_175x_6x.a(clock_17xx_40xx.o)
                0x000015a4                Chip_Clock_EnablePeriphClock
 .text.Chip_Clock_GetCPUClockSource
                0x000015d8       0x24 C:\Users\Vatsal Makani\Desktop\FALL 2019\CMPE 245\Project\lpc_chip_175x_6x\Debug\liblpc_chip_175x_6x.a(clock_17xx_40xx.o)
                0x000015d8                Chip_Clock_GetCPUClockSource
 .text.Chip_Clock_SetCPUClockDiv
                0x000015fc       0x20 C:\Users\Vatsal Makani\Desktop\FALL 2019\CMPE 245\Project\lpc_chip_175x_6x\Debug\liblpc_chip_175x_6x.a(clock_17xx_40xx.o)
                0x000015fc                Chip_Clock_SetCPUClockDiv
 .text.Chip_Clock_GetCPUClockDiv
                0x0000161c       0x1c C:\Users\Vatsal Makani\Desktop\FALL 2019\CMPE 245\Project\lpc_chip_175x_6x\Debug\liblpc_chip_175x_6x.a(clock_17xx_40xx.o)
                0x0000161c                Chip_Clock_GetCPUClockDiv
 .text.Chip_Clock_GetSYSCLKRate
                0x00001638       0x34 C:\Users\Vatsal Makani\Desktop\FALL 2019\CMPE 245\Project\lpc_chip_175x_6x\Debug\liblpc_chip_175x_6x.a(clock_17xx_40xx.o)
                0x00001638                Chip_Clock_GetSYSCLKRate
 .text.Chip_Clock_GetMainPLLOutClockRate
                0x0000166c       0x54 C:\Users\Vatsal Makani\Desktop\FALL 2019\CMPE 245\Project\lpc_chip_175x_6x\Debug\liblpc_chip_175x_6x.a(clock_17xx_40xx.o)
                0x0000166c                Chip_Clock_GetMainPLLOutClockRate
 .text.Chip_Clock_GetMainClockRate
                0x000016c0       0x28 C:\Users\Vatsal Makani\Desktop\FALL 2019\CMPE 245\Project\lpc_chip_175x_6x\Debug\liblpc_chip_175x_6x.a(clock_17xx_40xx.o)
                0x000016c0                Chip_Clock_GetMainClockRate
 .text.Chip_Clock_GetSystemClockRate
                0x000016e8       0x18 C:\Users\Vatsal Makani\Desktop\FALL 2019\CMPE 245\Project\lpc_chip_175x_6x\Debug\liblpc_chip_175x_6x.a(clock_17xx_40xx.o)
                0x000016e8                Chip_Clock_GetSystemClockRate
 .text.Chip_IOCON_PinMuxSet
                0x00001700       0x36 C:\Users\Vatsal Makani\Desktop\FALL 2019\CMPE 245\Project\lpc_chip_175x_6x\Debug\liblpc_chip_175x_6x.a(iocon_17xx_40xx.o)
                0x00001700                Chip_IOCON_PinMuxSet
 .text.Chip_IOCON_PinMux
                0x00001736       0x94 C:\Users\Vatsal Makani\Desktop\FALL 2019\CMPE 245\Project\lpc_chip_175x_6x\Debug\liblpc_chip_175x_6x.a(iocon_17xx_40xx.o)
                0x00001736                Chip_IOCON_PinMux
 .text.Chip_IOCON_SetPinMuxing
                0x000017ca       0x62 C:\Users\Vatsal Makani\Desktop\FALL 2019\CMPE 245\Project\lpc_chip_175x_6x\Debug\liblpc_chip_175x_6x.a(iocon_17xx_40xx.o)
                0x000017ca                Chip_IOCON_SetPinMuxing
 .text.Chip_Clock_IsMainPLLEnabled
                0x0000182c       0x24 C:\Users\Vatsal Makani\Desktop\FALL 2019\CMPE 245\Project\lpc_chip_175x_6x\Debug\liblpc_chip_175x_6x.a(sysinit_17xx_40xx.o)
 .text.Chip_Clock_IsMainPLLLocked
                0x00001850       0x24 C:\Users\Vatsal Makani\Desktop\FALL 2019\CMPE 245\Project\lpc_chip_175x_6x\Debug\liblpc_chip_175x_6x.a(sysinit_17xx_40xx.o)
 .text.Chip_Clock_IsMainPLLConnected
                0x00001874       0x24 C:\Users\Vatsal Makani\Desktop\FALL 2019\CMPE 245\Project\lpc_chip_175x_6x\Debug\liblpc_chip_175x_6x.a(sysinit_17xx_40xx.o)
 .text.Chip_Clock_EnableCrystal
                0x00001898       0x20 C:\Users\Vatsal Makani\Desktop\FALL 2019\CMPE 245\Project\lpc_chip_175x_6x\Debug\liblpc_chip_175x_6x.a(sysinit_17xx_40xx.o)
 .text.Chip_Clock_IsCrystalEnabled
                0x000018b8       0x24 C:\Users\Vatsal Makani\Desktop\FALL 2019\CMPE 245\Project\lpc_chip_175x_6x\Debug\liblpc_chip_175x_6x.a(sysinit_17xx_40xx.o)
 .text.Chip_Clock_SetMainPLLSource
                0x000018dc       0x20 C:\Users\Vatsal Makani\Desktop\FALL 2019\CMPE 245\Project\lpc_chip_175x_6x\Debug\liblpc_chip_175x_6x.a(sysinit_17xx_40xx.o)
 .text.Chip_SetupXtalClocking
                0x000018fc       0x90 C:\Users\Vatsal Makani\Desktop\FALL 2019\CMPE 245\Project\lpc_chip_175x_6x\Debug\liblpc_chip_175x_6x.a(sysinit_17xx_40xx.o)
                0x000018fc                Chip_SetupXtalClocking
 .text.__main   0x0000198c        0xe c:/nxp/mcuxpressoide_11.0.0_2516/ide/plugins/com.nxp.mcuxpresso.tools.win32_11.0.0.201905131304/tools/bin/../lib/gcc/arm-none-eabi/8.2.1/../../../../arm-none-eabi/lib/thumb/v7-m/nofp\libcr_nohost.a(_cr__main.o)
                0x0000198c                __main
 .text.memset   0x0000199a        0x4 c:/nxp/mcuxpressoide_11.0.0_2516/ide/plugins/com.nxp.mcuxpresso.tools.win32_11.0.0.201905131304/tools/bin/../lib/gcc/arm-none-eabi/8.2.1/../../../../arm-none-eabi/lib/thumb/v7-m/nofp\libcr_c.a(memset.o)
                0x0000199a                memset
 *fill*         0x0000199e        0x2 ff
 .text.malloc   0x000019a0       0xc8 c:/nxp/mcuxpressoide_11.0.0_2516/ide/plugins/com.nxp.mcuxpresso.tools.win32_11.0.0.201905131304/tools/bin/../lib/gcc/arm-none-eabi/8.2.1/../../../../arm-none-eabi/lib/thumb/v7-m/nofp\libcr_c.a(alloc.o)
                0x000019a0                malloc
 .text.free     0x00001a68       0x30 c:/nxp/mcuxpressoide_11.0.0_2516/ide/plugins/com.nxp.mcuxpresso.tools.win32_11.0.0.201905131304/tools/bin/../lib/gcc/arm-none-eabi/8.2.1/../../../../arm-none-eabi/lib/thumb/v7-m/nofp\libcr_c.a(alloc.o)
                0x00001a68                free
 .text._Csys_alloc
                0x00001a98       0x20 c:/nxp/mcuxpressoide_11.0.0_2516/ide/plugins/com.nxp.mcuxpresso.tools.win32_11.0.0.201905131304/tools/bin/../lib/gcc/arm-none-eabi/8.2.1/../../../../arm-none-eabi/lib/thumb/v7-m/nofp\libcr_c.a(alloc.o)
                0x00001a98                _Csys_alloc
 .text.fp_round
                0x00001ab8       0x4c c:/nxp/mcuxpressoide_11.0.0_2516/ide/plugins/com.nxp.mcuxpresso.tools.win32_11.0.0.201905131304/tools/bin/../lib/gcc/arm-none-eabi/8.2.1/../../../../arm-none-eabi/lib/thumb/v7-m/nofp\libcr_c.a(fpprintf.o)
 .text.pr_dec.constprop.1
                0x00001b04       0x26 c:/nxp/mcuxpressoide_11.0.0_2516/ide/plugins/com.nxp.mcuxpresso.tools.win32_11.0.0.201905131304/tools/bin/../lib/gcc/arm-none-eabi/8.2.1/../../../../arm-none-eabi/lib/thumb/v7-m/nofp\libcr_c.a(fpprintf.o)
 *fill*         0x00001b2a        0x2 ff
 .text.sprintf  0x00001b2c       0x6c c:/nxp/mcuxpressoide_11.0.0_2516/ide/plugins/com.nxp.mcuxpresso.tools.win32_11.0.0.201905131304/tools/bin/../lib/gcc/arm-none-eabi/8.2.1/../../../../arm-none-eabi/lib/thumb/v7-m/nofp\libcr_c.a(fpprintf.o)
                0x00001b2c                sprintf
 .text.fp_display
                0x00001b98      0x948 c:/nxp/mcuxpressoide_11.0.0_2516/ide/plugins/com.nxp.mcuxpresso.tools.win32_11.0.0.201905131304/tools/bin/../lib/gcc/arm-none-eabi/8.2.1/../../../../arm-none-eabi/lib/thumb/v7-m/nofp\libcr_c.a(fpprintf.o)
 .text.vsnprintf
                0x000024e0       0x68 c:/nxp/mcuxpressoide_11.0.0_2516/ide/plugins/com.nxp.mcuxpresso.tools.win32_11.0.0.201905131304/tools/bin/../lib/gcc/arm-none-eabi/8.2.1/../../../../arm-none-eabi/lib/thumb/v7-m/nofp\libcr_c.a(fpprintf.o)
                0x000024e0                vsnprintf
 .text.printf   0x00002548       0x54 c:/nxp/mcuxpressoide_11.0.0_2516/ide/plugins/com.nxp.mcuxpresso.tools.win32_11.0.0.201905131304/tools/bin/../lib/gcc/arm-none-eabi/8.2.1/../../../../arm-none-eabi/lib/thumb/v7-m/nofp\libcr_c.a(fpprintf.o)
                0x00002548                printf
 .text._initio  0x0000259c       0x78 c:/nxp/mcuxpressoide_11.0.0_2516/ide/plugins/com.nxp.mcuxpresso.tools.win32_11.0.0.201905131304/tools/bin/../lib/gcc/arm-none-eabi/8.2.1/../../../../arm-none-eabi/lib/thumb/v7-m/nofp\libcr_c.a(initio.o)
                0x0000259c                _initio
 .text.__vfprintf
                0x00002614      0xbd4 c:/nxp/mcuxpressoide_11.0.0_2516/ide/plugins/com.nxp.mcuxpresso.tools.win32_11.0.0.201905131304/tools/bin/../lib/gcc/arm-none-eabi/8.2.1/../../../../arm-none-eabi/lib/thumb/v7-m/nofp\libcr_c.a(printf.o)
                0x00002614                __vfprintf
 .text.setvbuf  0x000031e8       0x40 c:/nxp/mcuxpressoide_11.0.0_2516/ide/plugins/com.nxp.mcuxpresso.tools.win32_11.0.0.201905131304/tools/bin/../lib/gcc/arm-none-eabi/8.2.1/../../../../arm-none-eabi/lib/thumb/v7-m/nofp\libcr_c.a(setvbuf.o)
                0x000031e8                setvbuf
 .text.strlen   0x00003228       0x4c c:/nxp/mcuxpressoide_11.0.0_2516/ide/plugins/com.nxp.mcuxpresso.tools.win32_11.0.0.201905131304/tools/bin/../lib/gcc/arm-none-eabi/8.2.1/../../../../arm-none-eabi/lib/thumb/v7-m/nofp\libcr_c.a(strlen.o)
                0x00003228                strlen
 .text._sbrk    0x00003274       0x3c c:/nxp/mcuxpressoide_11.0.0_2516/ide/plugins/com.nxp.mcuxpresso.tools.win32_11.0.0.201905131304/tools/bin/../lib/gcc/arm-none-eabi/8.2.1/../../../../arm-none-eabi/lib/thumb/v7-m/nofp\libcr_c.a(_cr_sbrk.o)
                0x00003274                _sbrk
 .text._deferredlazyseek
                0x000032b0       0x40 c:/nxp/mcuxpressoide_11.0.0_2516/ide/plugins/com.nxp.mcuxpresso.tools.win32_11.0.0.201905131304/tools/bin/../lib/gcc/arm-none-eabi/8.2.1/../../../../arm-none-eabi/lib/thumb/v7-m/nofp\libcr_c.a(_deferredlazyseek.o)
                0x000032b0                _deferredlazyseek
 .text.__flsbuf
                0x000032f0      0x140 c:/nxp/mcuxpressoide_11.0.0_2516/ide/plugins/com.nxp.mcuxpresso.tools.win32_11.0.0.201905131304/tools/bin/../lib/gcc/arm-none-eabi/8.2.1/../../../../arm-none-eabi/lib/thumb/v7-m/nofp\libcr_c.a(_deferredlazyseek.o)
                0x000032f0                __flsbuf
 .text._fdopen  0x00003430       0x68 c:/nxp/mcuxpressoide_11.0.0_2516/ide/plugins/com.nxp.mcuxpresso.tools.win32_11.0.0.201905131304/tools/bin/../lib/gcc/arm-none-eabi/8.2.1/../../../../arm-none-eabi/lib/thumb/v7-m/nofp\libcr_c.a(_fdopen.o)
                0x00003430                _fdopen
 .text._fflush  0x00003498       0x52 c:/nxp/mcuxpressoide_11.0.0_2516/ide/plugins/com.nxp.mcuxpresso.tools.win32_11.0.0.201905131304/tools/bin/../lib/gcc/arm-none-eabi/8.2.1/../../../../arm-none-eabi/lib/thumb/v7-m/nofp\libcr_c.a(_fflush.o)
                0x00003498                _fflush
 .text._frexpl  0x000034ea       0x56 c:/nxp/mcuxpressoide_11.0.0_2516/ide/plugins/com.nxp.mcuxpresso.tools.win32_11.0.0.201905131304/tools/bin/../lib/gcc/arm-none-eabi/8.2.1/../../../../arm-none-eabi/lib/thumb/v7-m/nofp\libcr_c.a(_frexpl.o)
                0x000034ea                _frexpl
 .text._ldexpl  0x00003540       0x48 c:/nxp/mcuxpressoide_11.0.0_2516/ide/plugins/com.nxp.mcuxpresso.tools.win32_11.0.0.201905131304/tools/bin/../lib/gcc/arm-none-eabi/8.2.1/../../../../arm-none-eabi/lib/thumb/v7-m/nofp\libcr_c.a(_ldexpl.o)
                0x00003540                _ldexpl
 .text._Cwritebuf
                0x00003588       0x6c c:/nxp/mcuxpressoide_11.0.0_2516/ide/plugins/com.nxp.mcuxpresso.tools.win32_11.0.0.201905131304/tools/bin/../lib/gcc/arm-none-eabi/8.2.1/../../../../arm-none-eabi/lib/thumb/v7-m/nofp\libcr_c.a(_writebuf.o)
                0x00003588                _Cwritebuf
 .text.fclose   0x000035f4       0x58 c:/nxp/mcuxpressoide_11.0.0_2516/ide/plugins/com.nxp.mcuxpresso.tools.win32_11.0.0.201905131304/tools/bin/../lib/gcc/arm-none-eabi/8.2.1/../../../../arm-none-eabi/lib/thumb/v7-m/nofp\libcr_c.a(fclose.o)
                0x000035f4                fclose
 .text.fflush   0x0000364c       0x44 c:/nxp/mcuxpressoide_11.0.0_2516/ide/plugins/com.nxp.mcuxpresso.tools.win32_11.0.0.201905131304/tools/bin/../lib/gcc/arm-none-eabi/8.2.1/../../../../arm-none-eabi/lib/thumb/v7-m/nofp\libcr_c.a(fflush.o)
                0x0000364c                fflush
 .text.fseek    0x00003690      0x100 c:/nxp/mcuxpressoide_11.0.0_2516/ide/plugins/com.nxp.mcuxpresso.tools.win32_11.0.0.201905131304/tools/bin/../lib/gcc/arm-none-eabi/8.2.1/../../../../arm-none-eabi/lib/thumb/v7-m/nofp\libcr_c.a(fseek.o)
                0x00003690                fseek
 .text.ftell    0x00003790       0x48 c:/nxp/mcuxpressoide_11.0.0_2516/ide/plugins/com.nxp.mcuxpresso.tools.win32_11.0.0.201905131304/tools/bin/../lib/gcc/arm-none-eabi/8.2.1/../../../../arm-none-eabi/lib/thumb/v7-m/nofp\libcr_c.a(ftell.o)
                0x00003790                ftell
 .text.remove   0x000037d8       0x14 c:/nxp/mcuxpressoide_11.0.0_2516/ide/plugins/com.nxp.mcuxpresso.tools.win32_11.0.0.201905131304/tools/bin/../lib/gcc/arm-none-eabi/8.2.1/../../../../arm-none-eabi/lib/thumb/v7-m/nofp\libcr_c.a(remove.o)
                0x000037d8                remove
 .text.__check_heap_overflow
                0x000037ec       0x18 c:/nxp/mcuxpressoide_11.0.0_2516/ide/plugins/com.nxp.mcuxpresso.tools.win32_11.0.0.201905131304/tools/bin/../lib/gcc/arm-none-eabi/8.2.1/../../../../arm-none-eabi/lib/thumb/v7-m/nofp\libcr_c.a(_cr_check_heap.o)
                0x000037ec                __check_heap_overflow
 .text._do_fflush
                0x00003804       0x40 c:/nxp/mcuxpressoide_11.0.0_2516/ide/plugins/com.nxp.mcuxpresso.tools.win32_11.0.0.201905131304/tools/bin/../lib/gcc/arm-none-eabi/8.2.1/../../../../arm-none-eabi/lib/thumb/v7-m/nofp\libcr_c.a(_do_fflush.o)
                0x00003804                _do_fflush
 .text.__aeabi_dmul
                0x00003844      0x10c c:/nxp/mcuxpressoide_11.0.0_2516/ide/plugins/com.nxp.mcuxpresso.tools.win32_11.0.0.201905131304/tools/bin/../lib/gcc/arm-none-eabi/8.2.1/thumb/v7-m/nofp\libcr_eabihelpers.a(double.o)
                0x00003844                __aeabi_dmul
 .text.__aeabi_ddiv
                0x00003950      0x140 c:/nxp/mcuxpressoide_11.0.0_2516/ide/plugins/com.nxp.mcuxpresso.tools.win32_11.0.0.201905131304/tools/bin/../lib/gcc/arm-none-eabi/8.2.1/thumb/v7-m/nofp\libcr_eabihelpers.a(double.o)
                0x00003950                __aeabi_ddiv
 .text.__aeabi_dsub
                0x00003a90      0x1a8 c:/nxp/mcuxpressoide_11.0.0_2516/ide/plugins/com.nxp.mcuxpresso.tools.win32_11.0.0.201905131304/tools/bin/../lib/gcc/arm-none-eabi/8.2.1/thumb/v7-m/nofp\libcr_eabihelpers.a(double.o)
                0x00003a90                __aeabi_dsub
 .text.__aeabi_dadd
                0x00003c38      0x108 c:/nxp/mcuxpressoide_11.0.0_2516/ide/plugins/com.nxp.mcuxpresso.tools.win32_11.0.0.201905131304/tools/bin/../lib/gcc/arm-none-eabi/8.2.1/thumb/v7-m/nofp\libcr_eabihelpers.a(double.o)
                0x00003c38                __aeabi_dadd
 .text.__aeabi_d2iz
                0x00003d40       0x40 c:/nxp/mcuxpressoide_11.0.0_2516/ide/plugins/com.nxp.mcuxpresso.tools.win32_11.0.0.201905131304/tools/bin/../lib/gcc/arm-none-eabi/8.2.1/thumb/v7-m/nofp\libcr_eabihelpers.a(double.o)
                0x00003d40                __aeabi_d2iz
 .text.__bhs_ui2d
                0x00003d80       0x46 c:/nxp/mcuxpressoide_11.0.0_2516/ide/plugins/com.nxp.mcuxpresso.tools.win32_11.0.0.201905131304/tools/bin/../lib/gcc/arm-none-eabi/8.2.1/thumb/v7-m/nofp\libcr_eabihelpers.a(double.o)
                0x00003d80                __bhs_ui2d
 .text.__aeabi_i2d
                0x00003dc6       0x12 c:/nxp/mcuxpressoide_11.0.0_2516/ide/plugins/com.nxp.mcuxpresso.tools.win32_11.0.0.201905131304/tools/bin/../lib/gcc/arm-none-eabi/8.2.1/thumb/v7-m/nofp\libcr_eabihelpers.a(double.o)
                0x00003dc6                __aeabi_i2d
 .text.__aeabi_dcmpeq
                0x00003dd8       0x2a c:/nxp/mcuxpressoide_11.0.0_2516/ide/plugins/com.nxp.mcuxpresso.tools.win32_11.0.0.201905131304/tools/bin/../lib/gcc/arm-none-eabi/8.2.1/thumb/v7-m/nofp\libcr_eabihelpers.a(double.o)
                0x00003dd8                __aeabi_dcmpeq
 .text.__aeabi_dcmplt
                0x00003e02       0x52 c:/nxp/mcuxpressoide_11.0.0_2516/ide/plugins/com.nxp.mcuxpresso.tools.win32_11.0.0.201905131304/tools/bin/../lib/gcc/arm-none-eabi/8.2.1/thumb/v7-m/nofp\libcr_eabihelpers.a(double.o)
                0x00003e02                __aeabi_dcmplt
 .text.__aeabi_dcmple
                0x00003e54       0x52 c:/nxp/mcuxpressoide_11.0.0_2516/ide/plugins/com.nxp.mcuxpresso.tools.win32_11.0.0.201905131304/tools/bin/../lib/gcc/arm-none-eabi/8.2.1/thumb/v7-m/nofp\libcr_eabihelpers.a(double.o)
                0x00003e54                __aeabi_dcmple
 .text.__aeabi_dcmpge
                0x00003ea6       0x58 c:/nxp/mcuxpressoide_11.0.0_2516/ide/plugins/com.nxp.mcuxpresso.tools.win32_11.0.0.201905131304/tools/bin/../lib/gcc/arm-none-eabi/8.2.1/thumb/v7-m/nofp\libcr_eabihelpers.a(double.o)
                0x00003ea6                __aeabi_dcmpge
 .text.__aeabi_memset_lowlevel
                0x00003efe       0x32 c:/nxp/mcuxpressoide_11.0.0_2516/ide/plugins/com.nxp.mcuxpresso.tools.win32_11.0.0.201905131304/tools/bin/../lib/gcc/arm-none-eabi/8.2.1/thumb/v7-m/nofp\libcr_eabihelpers.a(memcpy.o)
                0x00003efe                __aeabi_lowlevel_memset
 .text.__sys_appexit
                0x00003f30        0x2 c:/nxp/mcuxpressoide_11.0.0_2516/ide/plugins/com.nxp.mcuxpresso.tools.win32_11.0.0.201905131304/tools/bin/../lib/gcc/arm-none-eabi/8.2.1/../../../../arm-none-eabi/lib/thumb/v7-m/nofp\libcr_nohost.a(__sys_appexit.o)
                0x00003f30                __sys_appexit
                0x00003f30                __exit
 .text.__sys_close
                0x00003f32        0x6 c:/nxp/mcuxpressoide_11.0.0_2516/ide/plugins/com.nxp.mcuxpresso.tools.win32_11.0.0.201905131304/tools/bin/../lib/gcc/arm-none-eabi/8.2.1/../../../../arm-none-eabi/lib/thumb/v7-m/nofp\libcr_nohost.a(__sys_close.o)
                0x00003f32                __sys_close
 .text.__sys_flen
                0x00003f38        0x6 c:/nxp/mcuxpressoide_11.0.0_2516/ide/plugins/com.nxp.mcuxpresso.tools.win32_11.0.0.201905131304/tools/bin/../lib/gcc/arm-none-eabi/8.2.1/../../../../arm-none-eabi/lib/thumb/v7-m/nofp\libcr_nohost.a(__sys_flen.o)
                0x00003f38                __sys_flen
 .text.__sys_istty
                0x00003f3e        0x6 c:/nxp/mcuxpressoide_11.0.0_2516/ide/plugins/com.nxp.mcuxpresso.tools.win32_11.0.0.201905131304/tools/bin/../lib/gcc/arm-none-eabi/8.2.1/../../../../arm-none-eabi/lib/thumb/v7-m/nofp\libcr_nohost.a(__sys_istty.o)
                0x00003f3e                __sys_istty
 .text.__sys_remove
                0x00003f44        0x6 c:/nxp/mcuxpressoide_11.0.0_2516/ide/plugins/com.nxp.mcuxpresso.tools.win32_11.0.0.201905131304/tools/bin/../lib/gcc/arm-none-eabi/8.2.1/../../../../arm-none-eabi/lib/thumb/v7-m/nofp\libcr_nohost.a(__sys_remove.o)
                0x00003f44                __sys_remove
 .text.__sys_seek
                0x00003f4a        0x6 c:/nxp/mcuxpressoide_11.0.0_2516/ide/plugins/com.nxp.mcuxpresso.tools.win32_11.0.0.201905131304/tools/bin/../lib/gcc/arm-none-eabi/8.2.1/../../../../arm-none-eabi/lib/thumb/v7-m/nofp\libcr_nohost.a(__sys_seek.o)
                0x00003f4a                __sys_seek
 .text.__sys_tmpnam
                0x00003f50        0x6 c:/nxp/mcuxpressoide_11.0.0_2516/ide/plugins/com.nxp.mcuxpresso.tools.win32_11.0.0.201905131304/tools/bin/../lib/gcc/arm-none-eabi/8.2.1/../../../../arm-none-eabi/lib/thumb/v7-m/nofp\libcr_nohost.a(__sys_tmpnam.o)
                0x00003f50                __sys_tmpnam
 .text.__sys_write
                0x00003f56        0x4 c:/nxp/mcuxpressoide_11.0.0_2516/ide/plugins/com.nxp.mcuxpresso.tools.win32_11.0.0.201905131304/tools/bin/../lib/gcc/arm-none-eabi/8.2.1/../../../../arm-none-eabi/lib/thumb/v7-m/nofp\libcr_nohost.a(__sys_write.o)
                0x00003f56                __sys_write
 *(.rodata .rodata.* .constdata .constdata.*)
 *fill*         0x00003f5a        0x2 ff
 .rodata        0x00003f5c        0x5 ./freertos/src/tasks.o
 *fill*         0x00003f61        0x3 ff
 .rodata        0x00003f64       0x2e ./example/src/freertos_blinky.o
 *fill*         0x00003f92        0x2 ff
 .rodata.OscRateIn
                0x00003f94        0x4 C:\Users\Vatsal Makani\Desktop\FALL 2019\CMPE 245\Project\lpc_board_nxp_lpcxpresso_1769\Debug\liblpc_board_nxp_lpcxpresso_1769.a(board.o)
                0x00003f94                OscRateIn
 .rodata.RTCOscRateIn
                0x00003f98        0x4 C:\Users\Vatsal Makani\Desktop\FALL 2019\CMPE 245\Project\lpc_board_nxp_lpcxpresso_1769\Debug\liblpc_board_nxp_lpcxpresso_1769.a(board.o)
                0x00003f98                RTCOscRateIn
 .rodata.pinmuxing
                0x00003f9c       0x5c C:\Users\Vatsal Makani\Desktop\FALL 2019\CMPE 245\Project\lpc_board_nxp_lpcxpresso_1769\Debug\liblpc_board_nxp_lpcxpresso_1769.a(board_sysinit.o)
 .rodata._Csys_alloc.str1.1
                0x00003ff8       0x18 c:/nxp/mcuxpressoide_11.0.0_2516/ide/plugins/com.nxp.mcuxpresso.tools.win32_11.0.0.201905131304/tools/bin/../lib/gcc/arm-none-eabi/8.2.1/../../../../arm-none-eabi/lib/thumb/v7-m/nofp\libcr_c.a(alloc.o)
 .rodata.fp_display.str1.1
                0x00004010       0x34 c:/nxp/mcuxpressoide_11.0.0_2516/ide/plugins/com.nxp.mcuxpresso.tools.win32_11.0.0.201905131304/tools/bin/../lib/gcc/arm-none-eabi/8.2.1/../../../../arm-none-eabi/lib/thumb/v7-m/nofp\libcr_c.a(fpprintf.o)
                                 0x35 (size before relaxing)
 .rodata._initio.str1.1
                0x00004044        0x4 c:/nxp/mcuxpressoide_11.0.0_2516/ide/plugins/com.nxp.mcuxpresso.tools.win32_11.0.0.201905131304/tools/bin/../lib/gcc/arm-none-eabi/8.2.1/../../../../arm-none-eabi/lib/thumb/v7-m/nofp\libcr_c.a(initio.o)
 .rodata.__vfprintf.str1.1
                0x00004048       0x31 c:/nxp/mcuxpressoide_11.0.0_2516/ide/plugins/com.nxp.mcuxpresso.tools.win32_11.0.0.201905131304/tools/bin/../lib/gcc/arm-none-eabi/8.2.1/../../../../arm-none-eabi/lib/thumb/v7-m/nofp\libcr_c.a(printf.o)
                                 0x38 (size before relaxing)
 *fill*         0x00004079        0x3 ff
 .rodata.__num_Ciob_streams
                0x0000407c        0x4 c:/nxp/mcuxpressoide_11.0.0_2516/ide/plugins/com.nxp.mcuxpresso.tools.win32_11.0.0.201905131304/tools/bin/../lib/gcc/arm-none-eabi/8.2.1/../../../../arm-none-eabi/lib/thumb/v7-m/nofp\libcr_nohost.a(__ciob.o)
                0x0000407c                __num_Ciob_streams
                0x00004080                . = ALIGN (0x4)

.glue_7         0x00004080        0x0
 .glue_7        0x00004080        0x0 linker stubs

.glue_7t        0x00004080        0x0
 .glue_7t       0x00004080        0x0 linker stubs

.vfp11_veneer   0x00004080        0x0
 .vfp11_veneer  0x00004080        0x0 linker stubs

.v4_bx          0x00004080        0x0
 .v4_bx         0x00004080        0x0 linker stubs

.iplt           0x00004080        0x0
 .iplt          0x00004080        0x0 ./freertos/src/FreeRTOSCommonHooks.o

.rel.dyn        0x00004080        0x0
 .rel.iplt      0x00004080        0x0 ./freertos/src/FreeRTOSCommonHooks.o

.ARM.extab
 *(.ARM.extab* .gnu.linkonce.armextab.*)
                0x00004080                __exidx_start = .

.ARM.exidx
 *(.ARM.exidx* .gnu.linkonce.armexidx.*)
                0x00004080                __exidx_end = .
                0x00004080                _etext = .

.data_RAM2      0x2007c000        0x0 load address 0x00004080
 FILL mask 0xff
                [!provide]                PROVIDE (__start_data_RAM2 = .)
 *(.ramfunc.$RAM2)
 *(.ramfunc.$RamAHB32)
 *(.data.$RAM2)
 *(.data.$RamAHB32)
 *(.data.$RAM2.*)
 *(.data.$RamAHB32.*)
                0x2007c000                . = ALIGN (0x4)
                [!provide]                PROVIDE (__end_data_RAM2 = .)

.uninit_RESERVED
                0x10000000        0x0
                0x10000000                . = ALIGN (0x4)
 *(.bss.$RESERVED*)
                0x10000000                . = ALIGN (0x4)
                0x10000000                _end_uninit_RESERVED = .

.data           0x10000000        0x8 load address 0x00004080
 FILL mask 0xff
                0x10000000                _data = .
 *(vtable)
 *(.ramfunc*)
 *(.data*)
 .data.uxCriticalNesting
                0x10000000        0x4 ./freertos/src/port.o
 .data.xNextTaskUnblockTime
                0x10000004        0x4 ./freertos/src/tasks.o
                0x10000008                . = ALIGN (0x4)
                0x10000008                _edata = .

.igot.plt       0x10000008        0x0 load address 0x00004088
 .igot.plt      0x10000008        0x0 ./freertos/src/FreeRTOSCommonHooks.o

.bss_RAM2       0x2007c000        0x0
                0x2007c000                . = ALIGN (0x4)
                [!provide]                PROVIDE (__start_bss_RAM2 = .)
 *(.bss.$RAM2)
 *(.bss.$RamAHB32)
 *(.bss.$RAM2.*)
 *(.bss.$RamAHB32.*)
                0x2007c000                . = ALIGN ((. != 0x0)?0x4:0x1)
                [!provide]                PROVIDE (__end_bss_RAM2 = .)

.bss            0x10000008      0x334
                0x10000008                . = ALIGN (0x4)
                0x10000008                _bss = .
 *(.bss*)
 .bss.ulTimerCountsForOneTick
                0x10000008        0x4 ./freertos/src/port.o
 .bss.xMaximumPossibleSuppressedTicks
                0x1000000c        0x4 ./freertos/src/port.o
 .bss.ulStoppedTimerCompensation
                0x10000010        0x4 ./freertos/src/port.o
 .bss.pxCurrentTCB
                0x10000014        0x4 ./freertos/src/tasks.o
                0x10000014                pxCurrentTCB
 .bss.pxReadyTasksLists
                0x10000018       0xa0 ./freertos/src/tasks.o
 .bss.xDelayedTaskList1
                0x100000b8       0x14 ./freertos/src/tasks.o
 .bss.xDelayedTaskList2
                0x100000cc       0x14 ./freertos/src/tasks.o
 .bss.pxDelayedTaskList
                0x100000e0        0x4 ./freertos/src/tasks.o
 .bss.pxOverflowDelayedTaskList
                0x100000e4        0x4 ./freertos/src/tasks.o
 .bss.xPendingReadyList
                0x100000e8       0x14 ./freertos/src/tasks.o
 .bss.xTasksWaitingTermination
                0x100000fc       0x14 ./freertos/src/tasks.o
 .bss.uxTasksDeleted
                0x10000110        0x4 ./freertos/src/tasks.o
 .bss.xSuspendedTaskList
                0x10000114       0x14 ./freertos/src/tasks.o
 .bss.uxCurrentNumberOfTasks
                0x10000128        0x4 ./freertos/src/tasks.o
 .bss.xTickCount
                0x1000012c        0x4 ./freertos/src/tasks.o
 .bss.uxTopReadyPriority
                0x10000130        0x4 ./freertos/src/tasks.o
 .bss.xSchedulerRunning
                0x10000134        0x4 ./freertos/src/tasks.o
 .bss.uxSchedulerSuspended
                0x10000138        0x4 ./freertos/src/tasks.o
 .bss.uxPendedTicks
                0x1000013c        0x4 ./freertos/src/tasks.o
 .bss.xYieldPending
                0x10000140        0x4 ./freertos/src/tasks.o
 .bss.xNumOfOverflows
                0x10000144        0x4 ./freertos/src/tasks.o
 .bss.uxTaskNumber
                0x10000148        0x4 ./freertos/src/tasks.o
 .bss.__end_of_heap
                0x1000014c        0x4 c:/nxp/mcuxpressoide_11.0.0_2516/ide/plugins/com.nxp.mcuxpresso.tools.win32_11.0.0.201905131304/tools/bin/../lib/gcc/arm-none-eabi/8.2.1/../../../../arm-none-eabi/lib/thumb/v7-m/nofp\libcr_c.a(__init_alloc.o)
                0x1000014c                __end_of_heap
 .bss.__heaps   0x10000150        0x4 c:/nxp/mcuxpressoide_11.0.0_2516/ide/plugins/com.nxp.mcuxpresso.tools.win32_11.0.0.201905131304/tools/bin/../lib/gcc/arm-none-eabi/8.2.1/../../../../arm-none-eabi/lib/thumb/v7-m/nofp\libcr_c.a(__init_alloc.o)
                0x10000150                __heaps
 .bss.errno     0x10000154        0x4 c:/nxp/mcuxpressoide_11.0.0_2516/ide/plugins/com.nxp.mcuxpresso.tools.win32_11.0.0.201905131304/tools/bin/../lib/gcc/arm-none-eabi/8.2.1/../../../../arm-none-eabi/lib/thumb/v7-m/nofp\libcr_c.a(errno.o)
                0x10000154                errno
 .bss.__Ciob    0x10000158      0x1e0 c:/nxp/mcuxpressoide_11.0.0_2516/ide/plugins/com.nxp.mcuxpresso.tools.win32_11.0.0.201905131304/tools/bin/../lib/gcc/arm-none-eabi/8.2.1/../../../../arm-none-eabi/lib/thumb/v7-m/nofp\libcr_nohost.a(__ciob.o)
                0x10000158                __Ciob
 *(COMMON)
 COMMON         0x10000338        0x4 C:\Users\Vatsal Makani\Desktop\FALL 2019\CMPE 245\Project\lpc_chip_175x_6x\Debug\liblpc_chip_175x_6x.a(chip_17xx_40xx.o)
                0x10000338                SystemCoreClock
                0x1000033c                . = ALIGN (0x4)
                0x1000033c                _ebss = .
                [!provide]                PROVIDE (end = .)

.noinit_RAM2    0x2007c000        0x0
                0x2007c000                . = ALIGN (0x4)
 *(.noinit.$RAM2)
 *(.noinit.$RamAHB32)
 *(.noinit.$RAM2.*)
 *(.noinit.$RamAHB32.*)
                0x2007c000                . = ALIGN (0x4)

.noinit         0x1000033c        0x0
                0x1000033c                . = ALIGN (0x4)
                0x1000033c                _noinit = .
 *(.noinit*)
                0x1000033c                . = ALIGN (0x4)
                0x1000033c                _end_noinit = .
                0x1000033c                PROVIDE (_pvHeapStart = DEFINED (__user_heap_base)?__user_heap_base:.)
                0x10008000                PROVIDE (_vStackTop = DEFINED (__user_stack_top)?__user_stack_top:(__top_RamLoc32 - 0x0))
                [!provide]                PROVIDE (__valid_user_code_checksum = (0x0 - ((((((_vStackTop + (ResetISR + 0x1)) + (NMI_Handler + 0x1)) + (HardFault_Handler + 0x1)) + (DEFINED (MemManage_Handler)?MemManage_Handler:0x0 + 0x1)) + (DEFINED (BusFault_Handler)?BusFault_Handler:0x0 + 0x1)) + (DEFINED (UsageFault_Handler)?UsageFault_Handler:0x0 + 0x1))))
                0x00000000                _image_start = LOADADDR (.text)
                0x00004088                _image_end = (LOADADDR (.data) + SIZEOF (.data))
                0x00004088                _image_size = (_image_end - _image_start)
OUTPUT(freertos_blinky.axf elf32-littlearm)

.debug_info     0x00000000     0x6180
 .debug_info    0x00000000      0x2f8 ./freertos/src/FreeRTOSCommonHooks.o
 .debug_info    0x000002f8      0x282 ./freertos/src/heap_3.o
 .debug_info    0x0000057a      0x439 ./freertos/src/list.o
 .debug_info    0x000009b3      0x53e ./freertos/src/port.o
 .debug_info    0x00000ef1     0x1436 ./freertos/src/tasks.o
 .debug_info    0x00002327      0x272 ./example/src/cr_startup_lpc175x_6x.o
 .debug_info    0x00002599      0x2fb ./example/src/freertos_blinky.o
 .debug_info    0x00002894      0x250 ./example/src/sysinit.o
 .debug_info    0x00002ae4     0x15cd C:\Users\Vatsal Makani\Desktop\FALL 2019\CMPE 245\Project\lpc_board_nxp_lpcxpresso_1769\Debug\liblpc_board_nxp_lpcxpresso_1769.a(board.o)
 .debug_info    0x000040b1      0x71d C:\Users\Vatsal Makani\Desktop\FALL 2019\CMPE 245\Project\lpc_board_nxp_lpcxpresso_1769\Debug\liblpc_board_nxp_lpcxpresso_1769.a(board_sysinit.o)
 .debug_info    0x000047ce      0x591 C:\Users\Vatsal Makani\Desktop\FALL 2019\CMPE 245\Project\lpc_chip_175x_6x\Debug\liblpc_chip_175x_6x.a(chip_17xx_40xx.o)
 .debug_info    0x00004d5f      0xc2a C:\Users\Vatsal Makani\Desktop\FALL 2019\CMPE 245\Project\lpc_chip_175x_6x\Debug\liblpc_chip_175x_6x.a(clock_17xx_40xx.o)
 .debug_info    0x00005989      0x347 C:\Users\Vatsal Makani\Desktop\FALL 2019\CMPE 245\Project\lpc_chip_175x_6x\Debug\liblpc_chip_175x_6x.a(iocon_17xx_40xx.o)
 .debug_info    0x00005cd0      0x4b0 C:\Users\Vatsal Makani\Desktop\FALL 2019\CMPE 245\Project\lpc_chip_175x_6x\Debug\liblpc_chip_175x_6x.a(sysinit_17xx_40xx.o)

.debug_abbrev   0x00000000     0x1967
 .debug_abbrev  0x00000000      0x181 ./freertos/src/FreeRTOSCommonHooks.o
 .debug_abbrev  0x00000181      0x12b ./freertos/src/heap_3.o
 .debug_abbrev  0x000002ac      0x136 ./freertos/src/list.o
 .debug_abbrev  0x000003e2      0x243 ./freertos/src/port.o
 .debug_abbrev  0x00000625      0x291 ./freertos/src/tasks.o
 .debug_abbrev  0x000008b6      0x117 ./example/src/cr_startup_lpc175x_6x.o
 .debug_abbrev  0x000009cd      0x130 ./example/src/freertos_blinky.o
 .debug_abbrev  0x00000afd       0xeb ./example/src/sysinit.o
 .debug_abbrev  0x00000be8      0x40f C:\Users\Vatsal Makani\Desktop\FALL 2019\CMPE 245\Project\lpc_board_nxp_lpcxpresso_1769\Debug\liblpc_board_nxp_lpcxpresso_1769.a(board.o)
 .debug_abbrev  0x00000ff7      0x1a2 C:\Users\Vatsal Makani\Desktop\FALL 2019\CMPE 245\Project\lpc_board_nxp_lpcxpresso_1769\Debug\liblpc_board_nxp_lpcxpresso_1769.a(board_sysinit.o)
 .debug_abbrev  0x00001199      0x16d C:\Users\Vatsal Makani\Desktop\FALL 2019\CMPE 245\Project\lpc_chip_175x_6x\Debug\liblpc_chip_175x_6x.a(chip_17xx_40xx.o)
 .debug_abbrev  0x00001306      0x34d C:\Users\Vatsal Makani\Desktop\FALL 2019\CMPE 245\Project\lpc_chip_175x_6x\Debug\liblpc_chip_175x_6x.a(clock_17xx_40xx.o)
 .debug_abbrev  0x00001653      0x164 C:\Users\Vatsal Makani\Desktop\FALL 2019\CMPE 245\Project\lpc_chip_175x_6x\Debug\liblpc_chip_175x_6x.a(iocon_17xx_40xx.o)
 .debug_abbrev  0x000017b7      0x1b0 C:\Users\Vatsal Makani\Desktop\FALL 2019\CMPE 245\Project\lpc_chip_175x_6x\Debug\liblpc_chip_175x_6x.a(sysinit_17xx_40xx.o)

.debug_aranges  0x00000000      0x6f8
 .debug_aranges
                0x00000000       0x40 ./freertos/src/FreeRTOSCommonHooks.o
 .debug_aranges
                0x00000040       0x28 ./freertos/src/heap_3.o
 .debug_aranges
                0x00000068       0x40 ./freertos/src/list.o
 .debug_aranges
                0x000000a8       0x90 ./freertos/src/port.o
 .debug_aranges
                0x00000138      0x170 ./freertos/src/tasks.o
 .debug_aranges
                0x000002a8       0x80 ./example/src/cr_startup_lpc175x_6x.o
 .debug_aranges
                0x00000328       0x40 ./example/src/freertos_blinky.o
 .debug_aranges
                0x00000368       0x20 ./example/src/sysinit.o
 .debug_aranges
                0x00000388      0x150 C:\Users\Vatsal Makani\Desktop\FALL 2019\CMPE 245\Project\lpc_board_nxp_lpcxpresso_1769\Debug\liblpc_board_nxp_lpcxpresso_1769.a(board.o)
 .debug_aranges
                0x000004d8       0x38 C:\Users\Vatsal Makani\Desktop\FALL 2019\CMPE 245\Project\lpc_board_nxp_lpcxpresso_1769\Debug\liblpc_board_nxp_lpcxpresso_1769.a(board_sysinit.o)
 .debug_aranges
                0x00000510       0x38 C:\Users\Vatsal Makani\Desktop\FALL 2019\CMPE 245\Project\lpc_chip_175x_6x\Debug\liblpc_chip_175x_6x.a(chip_17xx_40xx.o)
 .debug_aranges
                0x00000548      0x120 C:\Users\Vatsal Makani\Desktop\FALL 2019\CMPE 245\Project\lpc_chip_175x_6x\Debug\liblpc_chip_175x_6x.a(clock_17xx_40xx.o)
 .debug_aranges
                0x00000668       0x30 C:\Users\Vatsal Makani\Desktop\FALL 2019\CMPE 245\Project\lpc_chip_175x_6x\Debug\liblpc_chip_175x_6x.a(iocon_17xx_40xx.o)
 .debug_aranges
                0x00000698       0x60 C:\Users\Vatsal Makani\Desktop\FALL 2019\CMPE 245\Project\lpc_chip_175x_6x\Debug\liblpc_chip_175x_6x.a(sysinit_17xx_40xx.o)

.debug_ranges   0x00000000      0x618
 .debug_ranges  0x00000000       0x30 ./freertos/src/FreeRTOSCommonHooks.o
 .debug_ranges  0x00000030       0x18 ./freertos/src/heap_3.o
 .debug_ranges  0x00000048       0x30 ./freertos/src/list.o
 .debug_ranges  0x00000078       0x80 ./freertos/src/port.o
 .debug_ranges  0x000000f8      0x160 ./freertos/src/tasks.o
 .debug_ranges  0x00000258       0x70 ./example/src/cr_startup_lpc175x_6x.o
 .debug_ranges  0x000002c8       0x30 ./example/src/freertos_blinky.o
 .debug_ranges  0x000002f8       0x10 ./example/src/sysinit.o
 .debug_ranges  0x00000308      0x140 C:\Users\Vatsal Makani\Desktop\FALL 2019\CMPE 245\Project\lpc_board_nxp_lpcxpresso_1769\Debug\liblpc_board_nxp_lpcxpresso_1769.a(board.o)
 .debug_ranges  0x00000448       0x28 C:\Users\Vatsal Makani\Desktop\FALL 2019\CMPE 245\Project\lpc_board_nxp_lpcxpresso_1769\Debug\liblpc_board_nxp_lpcxpresso_1769.a(board_sysinit.o)
 .debug_ranges  0x00000470       0x28 C:\Users\Vatsal Makani\Desktop\FALL 2019\CMPE 245\Project\lpc_chip_175x_6x\Debug\liblpc_chip_175x_6x.a(chip_17xx_40xx.o)
 .debug_ranges  0x00000498      0x110 C:\Users\Vatsal Makani\Desktop\FALL 2019\CMPE 245\Project\lpc_chip_175x_6x\Debug\liblpc_chip_175x_6x.a(clock_17xx_40xx.o)
 .debug_ranges  0x000005a8       0x20 C:\Users\Vatsal Makani\Desktop\FALL 2019\CMPE 245\Project\lpc_chip_175x_6x\Debug\liblpc_chip_175x_6x.a(iocon_17xx_40xx.o)
 .debug_ranges  0x000005c8       0x50 C:\Users\Vatsal Makani\Desktop\FALL 2019\CMPE 245\Project\lpc_chip_175x_6x\Debug\liblpc_chip_175x_6x.a(sysinit_17xx_40xx.o)

.debug_macro    0x00000000     0x6b77
 .debug_macro   0x00000000      0x29c ./freertos/src/FreeRTOSCommonHooks.o
 .debug_macro   0x0000029c      0xa9c ./freertos/src/FreeRTOSCommonHooks.o
 .debug_macro   0x00000d38       0x10 ./freertos/src/FreeRTOSCommonHooks.o
 .debug_macro   0x00000d48      0x12e ./freertos/src/FreeRTOSCommonHooks.o
 .debug_macro   0x00000e76       0x16 ./freertos/src/FreeRTOSCommonHooks.o
 .debug_macro   0x00000e8c       0x46 ./freertos/src/FreeRTOSCommonHooks.o
 .debug_macro   0x00000ed2      0x5b3 ./freertos/src/FreeRTOSCommonHooks.o
 .debug_macro   0x00001485       0x22 ./freertos/src/FreeRTOSCommonHooks.o
 .debug_macro   0x000014a7       0x74 ./freertos/src/FreeRTOSCommonHooks.o
 .debug_macro   0x0000151b       0x10 ./freertos/src/FreeRTOSCommonHooks.o
 .debug_macro   0x0000152b       0x2d ./freertos/src/FreeRTOSCommonHooks.o
 .debug_macro   0x00001558       0x3a ./freertos/src/FreeRTOSCommonHooks.o
 .debug_macro   0x00001592       0x2d ./freertos/src/FreeRTOSCommonHooks.o
 .debug_macro   0x000015bf      0xbb1 ./freertos/src/FreeRTOSCommonHooks.o
 .debug_macro   0x00002170      0x22c ./freertos/src/FreeRTOSCommonHooks.o
 .debug_macro   0x0000239c       0x42 ./freertos/src/FreeRTOSCommonHooks.o
 .debug_macro   0x000023de       0x52 ./freertos/src/FreeRTOSCommonHooks.o
 .debug_macro   0x00002430       0x78 ./freertos/src/FreeRTOSCommonHooks.o
 .debug_macro   0x000024a8       0x82 ./freertos/src/FreeRTOSCommonHooks.o
 .debug_macro   0x0000252a      0x48c ./freertos/src/FreeRTOSCommonHooks.o
 .debug_macro   0x000029b6       0x34 ./freertos/src/FreeRTOSCommonHooks.o
 .debug_macro   0x000029ea      0x4c5 ./freertos/src/FreeRTOSCommonHooks.o
 .debug_macro   0x00002eaf      0x1b7 ./freertos/src/FreeRTOSCommonHooks.o
 .debug_macro   0x00003066       0x10 ./freertos/src/FreeRTOSCommonHooks.o
 .debug_macro   0x00003076      0x21b ./freertos/src/FreeRTOSCommonHooks.o
 .debug_macro   0x00003291      0x1b9 ./freertos/src/FreeRTOSCommonHooks.o
 .debug_macro   0x0000344a       0x40 ./freertos/src/FreeRTOSCommonHooks.o
 .debug_macro   0x0000348a       0x22 ./freertos/src/FreeRTOSCommonHooks.o
 .debug_macro   0x000034ac      0x162 ./freertos/src/FreeRTOSCommonHooks.o
 .debug_macro   0x0000360e       0x94 ./freertos/src/FreeRTOSCommonHooks.o
 .debug_macro   0x000036a2       0xb8 ./freertos/src/FreeRTOSCommonHooks.o
 .debug_macro   0x0000375a       0x4c ./freertos/src/FreeRTOSCommonHooks.o
 .debug_macro   0x000037a6       0x16 ./freertos/src/FreeRTOSCommonHooks.o
 .debug_macro   0x000037bc      0x328 ./freertos/src/FreeRTOSCommonHooks.o
 .debug_macro   0x00003ae4       0x49 ./freertos/src/FreeRTOSCommonHooks.o
 .debug_macro   0x00003b2d       0x16 ./freertos/src/FreeRTOSCommonHooks.o
 .debug_macro   0x00003b43       0xca ./freertos/src/FreeRTOSCommonHooks.o
 .debug_macro   0x00003c0d       0x11 ./freertos/src/FreeRTOSCommonHooks.o
 .debug_macro   0x00003c1e       0x70 ./freertos/src/FreeRTOSCommonHooks.o
 .debug_macro   0x00003c8e       0x9a ./freertos/src/FreeRTOSCommonHooks.o
 .debug_macro   0x00003d28       0x20 ./freertos/src/FreeRTOSCommonHooks.o
 .debug_macro   0x00003d48       0x28 ./freertos/src/FreeRTOSCommonHooks.o
 .debug_macro   0x00003d70       0xee ./freertos/src/FreeRTOSCommonHooks.o
 .debug_macro   0x00003e5e       0xab ./freertos/src/FreeRTOSCommonHooks.o
 .debug_macro   0x00003f09       0x12 ./freertos/src/FreeRTOSCommonHooks.o
 .debug_macro   0x00003f1b       0x1f ./freertos/src/FreeRTOSCommonHooks.o
 .debug_macro   0x00003f3a      0x257 ./freertos/src/FreeRTOSCommonHooks.o
 .debug_macro   0x00004191       0x64 ./freertos/src/FreeRTOSCommonHooks.o
 .debug_macro   0x000041f5       0x57 ./freertos/src/FreeRTOSCommonHooks.o
 .debug_macro   0x0000424c      0x2b2 ./freertos/src/heap_3.o
 .debug_macro   0x000044fe       0x28 ./freertos/src/heap_3.o
 .debug_macro   0x00004526      0x297 ./freertos/src/list.o
 .debug_macro   0x000047bd      0x329 ./freertos/src/port.o
 .debug_macro   0x00004ae6      0x336 ./freertos/src/tasks.o
 .debug_macro   0x00004e1c       0x5b ./freertos/src/tasks.o
 .debug_macro   0x00004e77       0x16 ./freertos/src/tasks.o
 .debug_macro   0x00004e8d       0x1d ./example/src/cr_startup_lpc175x_6x.o
 .debug_macro   0x00004eaa      0x28c ./example/src/freertos_blinky.o
 .debug_macro   0x00005136       0x7b ./example/src/freertos_blinky.o
 .debug_macro   0x000051b1       0x18 ./example/src/freertos_blinky.o
 .debug_macro   0x000051c9       0x10 ./example/src/freertos_blinky.o
 .debug_macro   0x000051d9       0xf4 ./example/src/freertos_blinky.o
 .debug_macro   0x000052cd      0x217 ./example/src/sysinit.o
 .debug_macro   0x000054e4      0x280 C:\Users\Vatsal Makani\Desktop\FALL 2019\CMPE 245\Project\lpc_board_nxp_lpcxpresso_1769\Debug\liblpc_board_nxp_lpcxpresso_1769.a(board.o)
 .debug_macro   0x00005764      0xaa8 C:\Users\Vatsal Makani\Desktop\FALL 2019\CMPE 245\Project\lpc_board_nxp_lpcxpresso_1769\Debug\liblpc_board_nxp_lpcxpresso_1769.a(board.o)
 .debug_macro   0x0000620c       0x20 C:\Users\Vatsal Makani\Desktop\FALL 2019\CMPE 245\Project\lpc_board_nxp_lpcxpresso_1769\Debug\liblpc_board_nxp_lpcxpresso_1769.a(board.o)
 .debug_macro   0x0000622c      0x217 C:\Users\Vatsal Makani\Desktop\FALL 2019\CMPE 245\Project\lpc_board_nxp_lpcxpresso_1769\Debug\liblpc_board_nxp_lpcxpresso_1769.a(board_sysinit.o)
 .debug_macro   0x00006443      0x1cd C:\Users\Vatsal Makani\Desktop\FALL 2019\CMPE 245\Project\lpc_chip_175x_6x\Debug\liblpc_chip_175x_6x.a(chip_17xx_40xx.o)
 .debug_macro   0x00006610      0x1cd C:\Users\Vatsal Makani\Desktop\FALL 2019\CMPE 245\Project\lpc_chip_175x_6x\Debug\liblpc_chip_175x_6x.a(clock_17xx_40xx.o)
 .debug_macro   0x000067dd      0x1cd C:\Users\Vatsal Makani\Desktop\FALL 2019\CMPE 245\Project\lpc_chip_175x_6x\Debug\liblpc_chip_175x_6x.a(iocon_17xx_40xx.o)
 .debug_macro   0x000069aa      0x1cd C:\Users\Vatsal Makani\Desktop\FALL 2019\CMPE 245\Project\lpc_chip_175x_6x\Debug\liblpc_chip_175x_6x.a(sysinit_17xx_40xx.o)

.debug_line     0x00000000     0x679c
 .debug_line    0x00000000      0x6d6 ./freertos/src/FreeRTOSCommonHooks.o
 .debug_line    0x000006d6      0x678 ./freertos/src/heap_3.o
 .debug_line    0x00000d4e      0x741 ./freertos/src/list.o
 .debug_line    0x0000148f      0x909 ./freertos/src/port.o
 .debug_line    0x00001d98     0x1324 ./freertos/src/tasks.o
 .debug_line    0x000030bc      0x168 ./example/src/cr_startup_lpc175x_6x.o
 .debug_line    0x00003224      0x6f4 ./example/src/freertos_blinky.o
 .debug_line    0x00003918      0x520 ./example/src/sysinit.o
 .debug_line    0x00003e38      0xa1f C:\Users\Vatsal Makani\Desktop\FALL 2019\CMPE 245\Project\lpc_board_nxp_lpcxpresso_1769\Debug\liblpc_board_nxp_lpcxpresso_1769.a(board.o)
 .debug_line    0x00004857      0x571 C:\Users\Vatsal Makani\Desktop\FALL 2019\CMPE 245\Project\lpc_board_nxp_lpcxpresso_1769\Debug\liblpc_board_nxp_lpcxpresso_1769.a(board_sysinit.o)
 .debug_line    0x00004dc8      0x51e C:\Users\Vatsal Makani\Desktop\FALL 2019\CMPE 245\Project\lpc_chip_175x_6x\Debug\liblpc_chip_175x_6x.a(chip_17xx_40xx.o)
 .debug_line    0x000052e6      0x985 C:\Users\Vatsal Makani\Desktop\FALL 2019\CMPE 245\Project\lpc_chip_175x_6x\Debug\liblpc_chip_175x_6x.a(clock_17xx_40xx.o)
 .debug_line    0x00005c6b      0x53a C:\Users\Vatsal Makani\Desktop\FALL 2019\CMPE 245\Project\lpc_chip_175x_6x\Debug\liblpc_chip_175x_6x.a(iocon_17xx_40xx.o)
 .debug_line    0x000061a5      0x5f7 C:\Users\Vatsal Makani\Desktop\FALL 2019\CMPE 245\Project\lpc_chip_175x_6x\Debug\liblpc_chip_175x_6x.a(sysinit_17xx_40xx.o)

.debug_str      0x00000000    0x170cd
 .debug_str     0x00000000    0x13446 ./freertos/src/FreeRTOSCommonHooks.o
                              0x1352e (size before relaxing)
 .debug_str     0x00013446      0x103 ./freertos/src/heap_3.o
                              0x13542 (size before relaxing)
 .debug_str     0x00013549      0x12e ./freertos/src/list.o
                              0x13287 (size before relaxing)
 .debug_str     0x00013677      0x8f6 ./freertos/src/port.o
                              0x13d7e (size before relaxing)
 .debug_str     0x00013f6d     0x153a ./freertos/src/tasks.o
                              0x14d49 (size before relaxing)
 .debug_str     0x000154a7      0x1b3 ./example/src/cr_startup_lpc175x_6x.o
                               0x2f96 (size before relaxing)
 .debug_str     0x0001565a       0x9c ./example/src/freertos_blinky.o
                              0x134f0 (size before relaxing)
 .debug_str     0x000156f6       0x23 ./example/src/sysinit.o
                              0x11378 (size before relaxing)
 .debug_str     0x00015719      0xd2f C:\Users\Vatsal Makani\Desktop\FALL 2019\CMPE 245\Project\lpc_board_nxp_lpcxpresso_1769\Debug\liblpc_board_nxp_lpcxpresso_1769.a(board.o)
                              0x121da (size before relaxing)
 .debug_str     0x00016448      0x22d C:\Users\Vatsal Makani\Desktop\FALL 2019\CMPE 245\Project\lpc_board_nxp_lpcxpresso_1769\Debug\liblpc_board_nxp_lpcxpresso_1769.a(board_sysinit.o)
                              0x11774 (size before relaxing)
 .debug_str     0x00016675       0xc4 C:\Users\Vatsal Makani\Desktop\FALL 2019\CMPE 245\Project\lpc_chip_175x_6x\Debug\liblpc_chip_175x_6x.a(chip_17xx_40xx.o)
                              0x113d6 (size before relaxing)
 .debug_str     0x00016739      0x857 C:\Users\Vatsal Makani\Desktop\FALL 2019\CMPE 245\Project\lpc_chip_175x_6x\Debug\liblpc_chip_175x_6x.a(clock_17xx_40xx.o)
                              0x11a54 (size before relaxing)
 .debug_str     0x00016f90       0x79 C:\Users\Vatsal Makani\Desktop\FALL 2019\CMPE 245\Project\lpc_chip_175x_6x\Debug\liblpc_chip_175x_6x.a(iocon_17xx_40xx.o)
                              0x10ed1 (size before relaxing)
 .debug_str     0x00017009       0xc4 C:\Users\Vatsal Makani\Desktop\FALL 2019\CMPE 245\Project\lpc_chip_175x_6x\Debug\liblpc_chip_175x_6x.a(sysinit_17xx_40xx.o)
                              0x110b9 (size before relaxing)

.comment        0x00000000       0x75
 .comment       0x00000000       0x75 ./freertos/src/FreeRTOSCommonHooks.o
                                 0x76 (size before relaxing)
 .comment       0x00000075       0x76 ./freertos/src/heap_3.o
 .comment       0x00000075       0x76 ./freertos/src/list.o
 .comment       0x00000075       0x76 ./freertos/src/port.o
 .comment       0x00000075       0x76 ./freertos/src/tasks.o
 .comment       0x00000075       0x76 ./example/src/cr_startup_lpc175x_6x.o
 .comment       0x00000075       0x76 ./example/src/freertos_blinky.o
 .comment       0x00000075       0x76 ./example/src/sysinit.o
 .comment       0x00000075       0x76 C:\Users\Vatsal Makani\Desktop\FALL 2019\CMPE 245\Project\lpc_board_nxp_lpcxpresso_1769\Debug\liblpc_board_nxp_lpcxpresso_1769.a(board.o)
 .comment       0x00000075       0x76 C:\Users\Vatsal Makani\Desktop\FALL 2019\CMPE 245\Project\lpc_board_nxp_lpcxpresso_1769\Debug\liblpc_board_nxp_lpcxpresso_1769.a(board_sysinit.o)
 .comment       0x00000075       0x76 C:\Users\Vatsal Makani\Desktop\FALL 2019\CMPE 245\Project\lpc_chip_175x_6x\Debug\liblpc_chip_175x_6x.a(chip_17xx_40xx.o)
 .comment       0x00000075       0x76 C:\Users\Vatsal Makani\Desktop\FALL 2019\CMPE 245\Project\lpc_chip_175x_6x\Debug\liblpc_chip_175x_6x.a(clock_17xx_40xx.o)
 .comment       0x00000075       0x76 C:\Users\Vatsal Makani\Desktop\FALL 2019\CMPE 245\Project\lpc_chip_175x_6x\Debug\liblpc_chip_175x_6x.a(iocon_17xx_40xx.o)
 .comment       0x00000075       0x76 C:\Users\Vatsal Makani\Desktop\FALL 2019\CMPE 245\Project\lpc_chip_175x_6x\Debug\liblpc_chip_175x_6x.a(sysinit_17xx_40xx.o)
 .comment       0x00000075       0x76 c:/nxp/mcuxpressoide_11.0.0_2516/ide/plugins/com.nxp.mcuxpresso.tools.win32_11.0.0.201905131304/tools/bin/../lib/gcc/arm-none-eabi/8.2.1/../../../../arm-none-eabi/lib/thumb/v7-m/nofp\libcr_nohost.a(_cr__main.o)
 .comment       0x00000075       0x76 c:/nxp/mcuxpressoide_11.0.0_2516/ide/plugins/com.nxp.mcuxpresso.tools.win32_11.0.0.201905131304/tools/bin/../lib/gcc/arm-none-eabi/8.2.1/../../../../arm-none-eabi/lib/thumb/v7-m/nofp\libcr_c.a(memset.o)
 .comment       0x00000075       0x76 c:/nxp/mcuxpressoide_11.0.0_2516/ide/plugins/com.nxp.mcuxpresso.tools.win32_11.0.0.201905131304/tools/bin/../lib/gcc/arm-none-eabi/8.2.1/../../../../arm-none-eabi/lib/thumb/v7-m/nofp\libcr_c.a(alloc.o)
 .comment       0x00000075       0x76 c:/nxp/mcuxpressoide_11.0.0_2516/ide/plugins/com.nxp.mcuxpresso.tools.win32_11.0.0.201905131304/tools/bin/../lib/gcc/arm-none-eabi/8.2.1/../../../../arm-none-eabi/lib/thumb/v7-m/nofp\libcr_c.a(fpprintf.o)
 .comment       0x00000075       0x76 c:/nxp/mcuxpressoide_11.0.0_2516/ide/plugins/com.nxp.mcuxpresso.tools.win32_11.0.0.201905131304/tools/bin/../lib/gcc/arm-none-eabi/8.2.1/../../../../arm-none-eabi/lib/thumb/v7-m/nofp\libcr_c.a(initio.o)
 .comment       0x00000075       0x76 c:/nxp/mcuxpressoide_11.0.0_2516/ide/plugins/com.nxp.mcuxpresso.tools.win32_11.0.0.201905131304/tools/bin/../lib/gcc/arm-none-eabi/8.2.1/../../../../arm-none-eabi/lib/thumb/v7-m/nofp\libcr_c.a(printf.o)
 .comment       0x00000075       0x76 c:/nxp/mcuxpressoide_11.0.0_2516/ide/plugins/com.nxp.mcuxpresso.tools.win32_11.0.0.201905131304/tools/bin/../lib/gcc/arm-none-eabi/8.2.1/../../../../arm-none-eabi/lib/thumb/v7-m/nofp\libcr_c.a(setvbuf.o)
 .comment       0x00000075       0x76 c:/nxp/mcuxpressoide_11.0.0_2516/ide/plugins/com.nxp.mcuxpresso.tools.win32_11.0.0.201905131304/tools/bin/../lib/gcc/arm-none-eabi/8.2.1/../../../../arm-none-eabi/lib/thumb/v7-m/nofp\libcr_c.a(strlen.o)
 .comment       0x00000075       0x76 c:/nxp/mcuxpressoide_11.0.0_2516/ide/plugins/com.nxp.mcuxpresso.tools.win32_11.0.0.201905131304/tools/bin/../lib/gcc/arm-none-eabi/8.2.1/../../../../arm-none-eabi/lib/thumb/v7-m/nofp\libcr_c.a(__init_alloc.o)
 .comment       0x00000075       0x76 c:/nxp/mcuxpressoide_11.0.0_2516/ide/plugins/com.nxp.mcuxpresso.tools.win32_11.0.0.201905131304/tools/bin/../lib/gcc/arm-none-eabi/8.2.1/../../../../arm-none-eabi/lib/thumb/v7-m/nofp\libcr_c.a(_cr_sbrk.o)
 .comment       0x00000075       0x76 c:/nxp/mcuxpressoide_11.0.0_2516/ide/plugins/com.nxp.mcuxpresso.tools.win32_11.0.0.201905131304/tools/bin/../lib/gcc/arm-none-eabi/8.2.1/../../../../arm-none-eabi/lib/thumb/v7-m/nofp\libcr_c.a(_deferredlazyseek.o)
 .comment       0x00000075       0x76 c:/nxp/mcuxpressoide_11.0.0_2516/ide/plugins/com.nxp.mcuxpresso.tools.win32_11.0.0.201905131304/tools/bin/../lib/gcc/arm-none-eabi/8.2.1/../../../../arm-none-eabi/lib/thumb/v7-m/nofp\libcr_c.a(_fdopen.o)
 .comment       0x00000075       0x76 c:/nxp/mcuxpressoide_11.0.0_2516/ide/plugins/com.nxp.mcuxpresso.tools.win32_11.0.0.201905131304/tools/bin/../lib/gcc/arm-none-eabi/8.2.1/../../../../arm-none-eabi/lib/thumb/v7-m/nofp\libcr_c.a(_fflush.o)
 .comment       0x00000075       0x76 c:/nxp/mcuxpressoide_11.0.0_2516/ide/plugins/com.nxp.mcuxpresso.tools.win32_11.0.0.201905131304/tools/bin/../lib/gcc/arm-none-eabi/8.2.1/../../../../arm-none-eabi/lib/thumb/v7-m/nofp\libcr_c.a(_frexpl.o)
 .comment       0x00000075       0x76 c:/nxp/mcuxpressoide_11.0.0_2516/ide/plugins/com.nxp.mcuxpresso.tools.win32_11.0.0.201905131304/tools/bin/../lib/gcc/arm-none-eabi/8.2.1/../../../../arm-none-eabi/lib/thumb/v7-m/nofp\libcr_c.a(_ldexpl.o)
 .comment       0x00000075       0x76 c:/nxp/mcuxpressoide_11.0.0_2516/ide/plugins/com.nxp.mcuxpresso.tools.win32_11.0.0.201905131304/tools/bin/../lib/gcc/arm-none-eabi/8.2.1/../../../../arm-none-eabi/lib/thumb/v7-m/nofp\libcr_c.a(_writebuf.o)
 .comment       0x00000075       0x76 c:/nxp/mcuxpressoide_11.0.0_2516/ide/plugins/com.nxp.mcuxpresso.tools.win32_11.0.0.201905131304/tools/bin/../lib/gcc/arm-none-eabi/8.2.1/../../../../arm-none-eabi/lib/thumb/v7-m/nofp\libcr_c.a(errno.o)
 .comment       0x00000075       0x76 c:/nxp/mcuxpressoide_11.0.0_2516/ide/plugins/com.nxp.mcuxpresso.tools.win32_11.0.0.201905131304/tools/bin/../lib/gcc/arm-none-eabi/8.2.1/../../../../arm-none-eabi/lib/thumb/v7-m/nofp\libcr_c.a(fclose.o)
 .comment       0x00000075       0x76 c:/nxp/mcuxpressoide_11.0.0_2516/ide/plugins/com.nxp.mcuxpresso.tools.win32_11.0.0.201905131304/tools/bin/../lib/gcc/arm-none-eabi/8.2.1/../../../../arm-none-eabi/lib/thumb/v7-m/nofp\libcr_c.a(fflush.o)
 .comment       0x00000075       0x76 c:/nxp/mcuxpressoide_11.0.0_2516/ide/plugins/com.nxp.mcuxpresso.tools.win32_11.0.0.201905131304/tools/bin/../lib/gcc/arm-none-eabi/8.2.1/../../../../arm-none-eabi/lib/thumb/v7-m/nofp\libcr_c.a(fseek.o)
 .comment       0x00000075       0x76 c:/nxp/mcuxpressoide_11.0.0_2516/ide/plugins/com.nxp.mcuxpresso.tools.win32_11.0.0.201905131304/tools/bin/../lib/gcc/arm-none-eabi/8.2.1/../../../../arm-none-eabi/lib/thumb/v7-m/nofp\libcr_c.a(ftell.o)
 .comment       0x00000075       0x76 c:/nxp/mcuxpressoide_11.0.0_2516/ide/plugins/com.nxp.mcuxpresso.tools.win32_11.0.0.201905131304/tools/bin/../lib/gcc/arm-none-eabi/8.2.1/../../../../arm-none-eabi/lib/thumb/v7-m/nofp\libcr_c.a(remove.o)
 .comment       0x00000075       0x76 c:/nxp/mcuxpressoide_11.0.0_2516/ide/plugins/com.nxp.mcuxpresso.tools.win32_11.0.0.201905131304/tools/bin/../lib/gcc/arm-none-eabi/8.2.1/../../../../arm-none-eabi/lib/thumb/v7-m/nofp\libcr_c.a(_cr_check_heap.o)
 .comment       0x00000075       0x76 c:/nxp/mcuxpressoide_11.0.0_2516/ide/plugins/com.nxp.mcuxpresso.tools.win32_11.0.0.201905131304/tools/bin/../lib/gcc/arm-none-eabi/8.2.1/../../../../arm-none-eabi/lib/thumb/v7-m/nofp\libcr_c.a(_do_fflush.o)
 .comment       0x00000075       0x76 c:/nxp/mcuxpressoide_11.0.0_2516/ide/plugins/com.nxp.mcuxpresso.tools.win32_11.0.0.201905131304/tools/bin/../lib/gcc/arm-none-eabi/8.2.1/thumb/v7-m/nofp\libcr_eabihelpers.a(double.o)
 .comment       0x00000075       0x76 c:/nxp/mcuxpressoide_11.0.0_2516/ide/plugins/com.nxp.mcuxpresso.tools.win32_11.0.0.201905131304/tools/bin/../lib/gcc/arm-none-eabi/8.2.1/../../../../arm-none-eabi/lib/thumb/v7-m/nofp\libcr_nohost.a(__ciob.o)
 .comment       0x00000075       0x76 c:/nxp/mcuxpressoide_11.0.0_2516/ide/plugins/com.nxp.mcuxpresso.tools.win32_11.0.0.201905131304/tools/bin/../lib/gcc/arm-none-eabi/8.2.1/../../../../arm-none-eabi/lib/thumb/v7-m/nofp\libcr_nohost.a(__sys_appexit.o)
 .comment       0x00000075       0x76 c:/nxp/mcuxpressoide_11.0.0_2516/ide/plugins/com.nxp.mcuxpresso.tools.win32_11.0.0.201905131304/tools/bin/../lib/gcc/arm-none-eabi/8.2.1/../../../../arm-none-eabi/lib/thumb/v7-m/nofp\libcr_nohost.a(__sys_close.o)
 .comment       0x00000075       0x76 c:/nxp/mcuxpressoide_11.0.0_2516/ide/plugins/com.nxp.mcuxpresso.tools.win32_11.0.0.201905131304/tools/bin/../lib/gcc/arm-none-eabi/8.2.1/../../../../arm-none-eabi/lib/thumb/v7-m/nofp\libcr_nohost.a(__sys_flen.o)
 .comment       0x00000075       0x76 c:/nxp/mcuxpressoide_11.0.0_2516/ide/plugins/com.nxp.mcuxpresso.tools.win32_11.0.0.201905131304/tools/bin/../lib/gcc/arm-none-eabi/8.2.1/../../../../arm-none-eabi/lib/thumb/v7-m/nofp\libcr_nohost.a(__sys_istty.o)
 .comment       0x00000075       0x76 c:/nxp/mcuxpressoide_11.0.0_2516/ide/plugins/com.nxp.mcuxpresso.tools.win32_11.0.0.201905131304/tools/bin/../lib/gcc/arm-none-eabi/8.2.1/../../../../arm-none-eabi/lib/thumb/v7-m/nofp\libcr_nohost.a(__sys_remove.o)
 .comment       0x00000075       0x76 c:/nxp/mcuxpressoide_11.0.0_2516/ide/plugins/com.nxp.mcuxpresso.tools.win32_11.0.0.201905131304/tools/bin/../lib/gcc/arm-none-eabi/8.2.1/../../../../arm-none-eabi/lib/thumb/v7-m/nofp\libcr_nohost.a(__sys_seek.o)
 .comment       0x00000075       0x76 c:/nxp/mcuxpressoide_11.0.0_2516/ide/plugins/com.nxp.mcuxpresso.tools.win32_11.0.0.201905131304/tools/bin/../lib/gcc/arm-none-eabi/8.2.1/../../../../arm-none-eabi/lib/thumb/v7-m/nofp\libcr_nohost.a(__sys_tmpnam.o)
 .comment       0x00000075       0x76 c:/nxp/mcuxpressoide_11.0.0_2516/ide/plugins/com.nxp.mcuxpresso.tools.win32_11.0.0.201905131304/tools/bin/../lib/gcc/arm-none-eabi/8.2.1/../../../../arm-none-eabi/lib/thumb/v7-m/nofp\libcr_nohost.a(__sys_write.o)

.ARM.attributes
                0x00000000       0x2b
 .ARM.attributes
                0x00000000       0x2d ./freertos/src/FreeRTOSCommonHooks.o
 .ARM.attributes
                0x0000002d       0x2d ./freertos/src/heap_3.o
 .ARM.attributes
                0x0000005a       0x2d ./freertos/src/list.o
 .ARM.attributes
                0x00000087       0x2d ./freertos/src/port.o
 .ARM.attributes
                0x000000b4       0x2d ./freertos/src/tasks.o
 .ARM.attributes
                0x000000e1       0x2d ./example/src/cr_startup_lpc175x_6x.o
 .ARM.attributes
                0x0000010e       0x2d ./example/src/freertos_blinky.o
 .ARM.attributes
                0x0000013b       0x2d ./example/src/sysinit.o
 .ARM.attributes
                0x00000168       0x2d C:\Users\Vatsal Makani\Desktop\FALL 2019\CMPE 245\Project\lpc_board_nxp_lpcxpresso_1769\Debug\liblpc_board_nxp_lpcxpresso_1769.a(board.o)
 .ARM.attributes
                0x00000195       0x2d C:\Users\Vatsal Makani\Desktop\FALL 2019\CMPE 245\Project\lpc_board_nxp_lpcxpresso_1769\Debug\liblpc_board_nxp_lpcxpresso_1769.a(board_sysinit.o)
 .ARM.attributes
                0x000001c2       0x2d C:\Users\Vatsal Makani\Desktop\FALL 2019\CMPE 245\Project\lpc_chip_175x_6x\Debug\liblpc_chip_175x_6x.a(chip_17xx_40xx.o)
 .ARM.attributes
                0x000001ef       0x2d C:\Users\Vatsal Makani\Desktop\FALL 2019\CMPE 245\Project\lpc_chip_175x_6x\Debug\liblpc_chip_175x_6x.a(clock_17xx_40xx.o)
 .ARM.attributes
                0x0000021c       0x2d C:\Users\Vatsal Makani\Desktop\FALL 2019\CMPE 245\Project\lpc_chip_175x_6x\Debug\liblpc_chip_175x_6x.a(iocon_17xx_40xx.o)
 .ARM.attributes
                0x00000249       0x2d C:\Users\Vatsal Makani\Desktop\FALL 2019\CMPE 245\Project\lpc_chip_175x_6x\Debug\liblpc_chip_175x_6x.a(sysinit_17xx_40xx.o)
 .ARM.attributes
                0x00000276       0x2d c:/nxp/mcuxpressoide_11.0.0_2516/ide/plugins/com.nxp.mcuxpresso.tools.win32_11.0.0.201905131304/tools/bin/../lib/gcc/arm-none-eabi/8.2.1/../../../../arm-none-eabi/lib/thumb/v7-m/nofp\libcr_nohost.a(_cr__main.o)
 .ARM.attributes
                0x000002a3       0x2d c:/nxp/mcuxpressoide_11.0.0_2516/ide/plugins/com.nxp.mcuxpresso.tools.win32_11.0.0.201905131304/tools/bin/../lib/gcc/arm-none-eabi/8.2.1/../../../../arm-none-eabi/lib/thumb/v7-m/nofp\libcr_c.a(memset.o)
 .ARM.attributes
                0x000002d0       0x2d c:/nxp/mcuxpressoide_11.0.0_2516/ide/plugins/com.nxp.mcuxpresso.tools.win32_11.0.0.201905131304/tools/bin/../lib/gcc/arm-none-eabi/8.2.1/../../../../arm-none-eabi/lib/thumb/v7-m/nofp\libcr_c.a(alloc.o)
 .ARM.attributes
                0x000002fd       0x2d c:/nxp/mcuxpressoide_11.0.0_2516/ide/plugins/com.nxp.mcuxpresso.tools.win32_11.0.0.201905131304/tools/bin/../lib/gcc/arm-none-eabi/8.2.1/../../../../arm-none-eabi/lib/thumb/v7-m/nofp\libcr_c.a(fpprintf.o)
 .ARM.attributes
                0x0000032a       0x2d c:/nxp/mcuxpressoide_11.0.0_2516/ide/plugins/com.nxp.mcuxpresso.tools.win32_11.0.0.201905131304/tools/bin/../lib/gcc/arm-none-eabi/8.2.1/../../../../arm-none-eabi/lib/thumb/v7-m/nofp\libcr_c.a(initio.o)
 .ARM.attributes
                0x00000357       0x2d c:/nxp/mcuxpressoide_11.0.0_2516/ide/plugins/com.nxp.mcuxpresso.tools.win32_11.0.0.201905131304/tools/bin/../lib/gcc/arm-none-eabi/8.2.1/../../../../arm-none-eabi/lib/thumb/v7-m/nofp\libcr_c.a(printf.o)
 .ARM.attributes
                0x00000384       0x2d c:/nxp/mcuxpressoide_11.0.0_2516/ide/plugins/com.nxp.mcuxpresso.tools.win32_11.0.0.201905131304/tools/bin/../lib/gcc/arm-none-eabi/8.2.1/../../../../arm-none-eabi/lib/thumb/v7-m/nofp\libcr_c.a(setvbuf.o)
 .ARM.attributes
                0x000003b1       0x2d c:/nxp/mcuxpressoide_11.0.0_2516/ide/plugins/com.nxp.mcuxpresso.tools.win32_11.0.0.201905131304/tools/bin/../lib/gcc/arm-none-eabi/8.2.1/../../../../arm-none-eabi/lib/thumb/v7-m/nofp\libcr_c.a(strlen.o)
 .ARM.attributes
                0x000003de       0x2d c:/nxp/mcuxpressoide_11.0.0_2516/ide/plugins/com.nxp.mcuxpresso.tools.win32_11.0.0.201905131304/tools/bin/../lib/gcc/arm-none-eabi/8.2.1/../../../../arm-none-eabi/lib/thumb/v7-m/nofp\libcr_c.a(__init_alloc.o)
 .ARM.attributes
                0x0000040b       0x2d c:/nxp/mcuxpressoide_11.0.0_2516/ide/plugins/com.nxp.mcuxpresso.tools.win32_11.0.0.201905131304/tools/bin/../lib/gcc/arm-none-eabi/8.2.1/../../../../arm-none-eabi/lib/thumb/v7-m/nofp\libcr_c.a(_cr_sbrk.o)
 .ARM.attributes
                0x00000438       0x2d c:/nxp/mcuxpressoide_11.0.0_2516/ide/plugins/com.nxp.mcuxpresso.tools.win32_11.0.0.201905131304/tools/bin/../lib/gcc/arm-none-eabi/8.2.1/../../../../arm-none-eabi/lib/thumb/v7-m/nofp\libcr_c.a(_deferredlazyseek.o)
 .ARM.attributes
                0x00000465       0x2d c:/nxp/mcuxpressoide_11.0.0_2516/ide/plugins/com.nxp.mcuxpresso.tools.win32_11.0.0.201905131304/tools/bin/../lib/gcc/arm-none-eabi/8.2.1/../../../../arm-none-eabi/lib/thumb/v7-m/nofp\libcr_c.a(_fdopen.o)
 .ARM.attributes
                0x00000492       0x2d c:/nxp/mcuxpressoide_11.0.0_2516/ide/plugins/com.nxp.mcuxpresso.tools.win32_11.0.0.201905131304/tools/bin/../lib/gcc/arm-none-eabi/8.2.1/../../../../arm-none-eabi/lib/thumb/v7-m/nofp\libcr_c.a(_fflush.o)
 .ARM.attributes
                0x000004bf       0x2d c:/nxp/mcuxpressoide_11.0.0_2516/ide/plugins/com.nxp.mcuxpresso.tools.win32_11.0.0.201905131304/tools/bin/../lib/gcc/arm-none-eabi/8.2.1/../../../../arm-none-eabi/lib/thumb/v7-m/nofp\libcr_c.a(_frexpl.o)
 .ARM.attributes
                0x000004ec       0x2d c:/nxp/mcuxpressoide_11.0.0_2516/ide/plugins/com.nxp.mcuxpresso.tools.win32_11.0.0.201905131304/tools/bin/../lib/gcc/arm-none-eabi/8.2.1/../../../../arm-none-eabi/lib/thumb/v7-m/nofp\libcr_c.a(_ldexpl.o)
 .ARM.attributes
                0x00000519       0x2d c:/nxp/mcuxpressoide_11.0.0_2516/ide/plugins/com.nxp.mcuxpresso.tools.win32_11.0.0.201905131304/tools/bin/../lib/gcc/arm-none-eabi/8.2.1/../../../../arm-none-eabi/lib/thumb/v7-m/nofp\libcr_c.a(_writebuf.o)
 .ARM.attributes
                0x00000546       0x33 c:/nxp/mcuxpressoide_11.0.0_2516/ide/plugins/com.nxp.mcuxpresso.tools.win32_11.0.0.201905131304/tools/bin/../lib/gcc/arm-none-eabi/8.2.1/../../../../arm-none-eabi/lib/thumb/v7-m/nofp\libcr_c.a(errno.o)
 .ARM.attributes
                0x00000579       0x2d c:/nxp/mcuxpressoide_11.0.0_2516/ide/plugins/com.nxp.mcuxpresso.tools.win32_11.0.0.201905131304/tools/bin/../lib/gcc/arm-none-eabi/8.2.1/../../../../arm-none-eabi/lib/thumb/v7-m/nofp\libcr_c.a(fclose.o)
 .ARM.attributes
                0x000005a6       0x2d c:/nxp/mcuxpressoide_11.0.0_2516/ide/plugins/com.nxp.mcuxpresso.tools.win32_11.0.0.201905131304/tools/bin/../lib/gcc/arm-none-eabi/8.2.1/../../../../arm-none-eabi/lib/thumb/v7-m/nofp\libcr_c.a(fflush.o)
 .ARM.attributes
                0x000005d3       0x2d c:/nxp/mcuxpressoide_11.0.0_2516/ide/plugins/com.nxp.mcuxpresso.tools.win32_11.0.0.201905131304/tools/bin/../lib/gcc/arm-none-eabi/8.2.1/../../../../arm-none-eabi/lib/thumb/v7-m/nofp\libcr_c.a(fseek.o)
 .ARM.attributes
                0x00000600       0x2d c:/nxp/mcuxpressoide_11.0.0_2516/ide/plugins/com.nxp.mcuxpresso.tools.win32_11.0.0.201905131304/tools/bin/../lib/gcc/arm-none-eabi/8.2.1/../../../../arm-none-eabi/lib/thumb/v7-m/nofp\libcr_c.a(ftell.o)
 .ARM.attributes
                0x0000062d       0x2d c:/nxp/mcuxpressoide_11.0.0_2516/ide/plugins/com.nxp.mcuxpresso.tools.win32_11.0.0.201905131304/tools/bin/../lib/gcc/arm-none-eabi/8.2.1/../../../../arm-none-eabi/lib/thumb/v7-m/nofp\libcr_c.a(remove.o)
 .ARM.attributes
                0x0000065a       0x2d c:/nxp/mcuxpressoide_11.0.0_2516/ide/plugins/com.nxp.mcuxpresso.tools.win32_11.0.0.201905131304/tools/bin/../lib/gcc/arm-none-eabi/8.2.1/../../../../arm-none-eabi/lib/thumb/v7-m/nofp\libcr_c.a(_cr_check_heap.o)
 .ARM.attributes
                0x00000687       0x2d c:/nxp/mcuxpressoide_11.0.0_2516/ide/plugins/com.nxp.mcuxpresso.tools.win32_11.0.0.201905131304/tools/bin/../lib/gcc/arm-none-eabi/8.2.1/../../../../arm-none-eabi/lib/thumb/v7-m/nofp\libcr_c.a(_do_fflush.o)
 .ARM.attributes
                0x000006b4       0x2d c:/nxp/mcuxpressoide_11.0.0_2516/ide/plugins/com.nxp.mcuxpresso.tools.win32_11.0.0.201905131304/tools/bin/../lib/gcc/arm-none-eabi/8.2.1/thumb/v7-m/nofp\libcr_eabihelpers.a(double.o)
 .ARM.attributes
                0x000006e1       0x1b c:/nxp/mcuxpressoide_11.0.0_2516/ide/plugins/com.nxp.mcuxpresso.tools.win32_11.0.0.201905131304/tools/bin/../lib/gcc/arm-none-eabi/8.2.1/thumb/v7-m/nofp\libcr_eabihelpers.a(memcpy.o)
 .ARM.attributes
                0x000006fc       0x33 c:/nxp/mcuxpressoide_11.0.0_2516/ide/plugins/com.nxp.mcuxpresso.tools.win32_11.0.0.201905131304/tools/bin/../lib/gcc/arm-none-eabi/8.2.1/../../../../arm-none-eabi/lib/thumb/v7-m/nofp\libcr_nohost.a(__ciob.o)
 .ARM.attributes
                0x0000072f       0x2d c:/nxp/mcuxpressoide_11.0.0_2516/ide/plugins/com.nxp.mcuxpresso.tools.win32_11.0.0.201905131304/tools/bin/../lib/gcc/arm-none-eabi/8.2.1/../../../../arm-none-eabi/lib/thumb/v7-m/nofp\libcr_nohost.a(__sys_appexit.o)
 .ARM.attributes
                0x0000075c       0x2d c:/nxp/mcuxpressoide_11.0.0_2516/ide/plugins/com.nxp.mcuxpresso.tools.win32_11.0.0.201905131304/tools/bin/../lib/gcc/arm-none-eabi/8.2.1/../../../../arm-none-eabi/lib/thumb/v7-m/nofp\libcr_nohost.a(__sys_close.o)
 .ARM.attributes
                0x00000789       0x2d c:/nxp/mcuxpressoide_11.0.0_2516/ide/plugins/com.nxp.mcuxpresso.tools.win32_11.0.0.201905131304/tools/bin/../lib/gcc/arm-none-eabi/8.2.1/../../../../arm-none-eabi/lib/thumb/v7-m/nofp\libcr_nohost.a(__sys_flen.o)
 .ARM.attributes
                0x000007b6       0x2d c:/nxp/mcuxpressoide_11.0.0_2516/ide/plugins/com.nxp.mcuxpresso.tools.win32_11.0.0.201905131304/tools/bin/../lib/gcc/arm-none-eabi/8.2.1/../../../../arm-none-eabi/lib/thumb/v7-m/nofp\libcr_nohost.a(__sys_istty.o)
 .ARM.attributes
                0x000007e3       0x2d c:/nxp/mcuxpressoide_11.0.0_2516/ide/plugins/com.nxp.mcuxpresso.tools.win32_11.0.0.201905131304/tools/bin/../lib/gcc/arm-none-eabi/8.2.1/../../../../arm-none-eabi/lib/thumb/v7-m/nofp\libcr_nohost.a(__sys_remove.o)
 .ARM.attributes
                0x00000810       0x2d c:/nxp/mcuxpressoide_11.0.0_2516/ide/plugins/com.nxp.mcuxpresso.tools.win32_11.0.0.201905131304/tools/bin/../lib/gcc/arm-none-eabi/8.2.1/../../../../arm-none-eabi/lib/thumb/v7-m/nofp\libcr_nohost.a(__sys_seek.o)
 .ARM.attributes
                0x0000083d       0x2d c:/nxp/mcuxpressoide_11.0.0_2516/ide/plugins/com.nxp.mcuxpresso.tools.win32_11.0.0.201905131304/tools/bin/../lib/gcc/arm-none-eabi/8.2.1/../../../../arm-none-eabi/lib/thumb/v7-m/nofp\libcr_nohost.a(__sys_tmpnam.o)
 .ARM.attributes
                0x0000086a       0x2d c:/nxp/mcuxpressoide_11.0.0_2516/ide/plugins/com.nxp.mcuxpresso.tools.win32_11.0.0.201905131304/tools/bin/../lib/gcc/arm-none-eabi/8.2.1/../../../../arm-none-eabi/lib/thumb/v7-m/nofp\libcr_nohost.a(__sys_write.o)

.debug_frame    0x00000000     0x18dc
 .debug_frame   0x00000000       0xb0 ./freertos/src/FreeRTOSCommonHooks.o
 .debug_frame   0x000000b0       0x58 ./freertos/src/heap_3.o
 .debug_frame   0x00000108       0xd8 ./freertos/src/list.o
 .debug_frame   0x000001e0      0x198 ./freertos/src/port.o
 .debug_frame   0x00000378      0x634 ./freertos/src/tasks.o
 .debug_frame   0x000009ac      0x170 ./example/src/cr_startup_lpc175x_6x.o
 .debug_frame   0x00000b1c       0xb0 ./example/src/freertos_blinky.o
 .debug_frame   0x00000bcc       0x34 ./example/src/sysinit.o
 .debug_frame   0x00000c00      0x58c C:\Users\Vatsal Makani\Desktop\FALL 2019\CMPE 245\Project\lpc_board_nxp_lpcxpresso_1769\Debug\liblpc_board_nxp_lpcxpresso_1769.a(board.o)
 .debug_frame   0x0000118c       0x8c C:\Users\Vatsal Makani\Desktop\FALL 2019\CMPE 245\Project\lpc_board_nxp_lpcxpresso_1769\Debug\liblpc_board_nxp_lpcxpresso_1769.a(board_sysinit.o)
 .debug_frame   0x00001218       0x88 C:\Users\Vatsal Makani\Desktop\FALL 2019\CMPE 245\Project\lpc_chip_175x_6x\Debug\liblpc_chip_175x_6x.a(chip_17xx_40xx.o)
 .debug_frame   0x000012a0      0x490 C:\Users\Vatsal Makani\Desktop\FALL 2019\CMPE 245\Project\lpc_chip_175x_6x\Debug\liblpc_chip_175x_6x.a(clock_17xx_40xx.o)
 .debug_frame   0x00001730       0x80 C:\Users\Vatsal Makani\Desktop\FALL 2019\CMPE 245\Project\lpc_chip_175x_6x\Debug\liblpc_chip_175x_6x.a(iocon_17xx_40xx.o)
 .debug_frame   0x000017b0      0x12c C:\Users\Vatsal Makani\Desktop\FALL 2019\CMPE 245\Project\lpc_chip_175x_6x\Debug\liblpc_chip_175x_6x.a(sysinit_17xx_40xx.o)
